Component: ARM Compiler 5.06 update 7 (build 960) Tool: armlink [4d3601]

==============================================================================

Section Cross References

    startup_stm32f769xx.o(STACK) refers (Special) to heapauxi.o(.text) for __use_two_region_memory
    startup_stm32f769xx.o(HEAP) refers (Special) to heapauxi.o(.text) for __use_two_region_memory
    startup_stm32f769xx.o(RESET) refers (Special) to heapauxi.o(.text) for __use_two_region_memory
    startup_stm32f769xx.o(RESET) refers to startup_stm32f769xx.o(STACK) for __initial_sp
    startup_stm32f769xx.o(RESET) refers to startup_stm32f769xx.o(.text) for Reset_Handler
    startup_stm32f769xx.o(RESET) refers to stm32f7xx_it.o(i.NMI_Handler) for NMI_Handler
    startup_stm32f769xx.o(RESET) refers to stm32f7xx_it.o(i.HardFault_Handler) for HardFault_Handler
    startup_stm32f769xx.o(RESET) refers to stm32f7xx_it.o(i.MemManage_Handler) for MemManage_Handler
    startup_stm32f769xx.o(RESET) refers to stm32f7xx_it.o(i.BusFault_Handler) for BusFault_Handler
    startup_stm32f769xx.o(RESET) refers to stm32f7xx_it.o(i.UsageFault_Handler) for UsageFault_Handler
    startup_stm32f769xx.o(RESET) refers to stm32f7xx_it.o(i.SVC_Handler) for SVC_Handler
    startup_stm32f769xx.o(RESET) refers to stm32f7xx_it.o(i.DebugMon_Handler) for DebugMon_Handler
    startup_stm32f769xx.o(RESET) refers to stm32f7xx_it.o(i.PendSV_Handler) for PendSV_Handler
    startup_stm32f769xx.o(RESET) refers to stm32f7xx_it.o(i.SysTick_Handler) for SysTick_Handler
    startup_stm32f769xx.o(.text) refers (Special) to heapauxi.o(.text) for __use_two_region_memory
    startup_stm32f769xx.o(.text) refers to system_stm32f7xx.o(i.SystemInit) for SystemInit
    startup_stm32f769xx.o(.text) refers to __main.o(!!!main) for __main
    startup_stm32f769xx.o(.text) refers to startup_stm32f769xx.o(HEAP) for Heap_Mem
    startup_stm32f769xx.o(.text) refers to startup_stm32f769xx.o(STACK) for Stack_Mem
    main.o(i.SystemClock_Config) refers to rt_memclr_w.o(.text) for __aeabi_memclr4
    main.o(i.SystemClock_Config) refers to stm32f7xx_hal_rcc.o(i.HAL_RCC_OscConfig) for HAL_RCC_OscConfig
    main.o(i.SystemClock_Config) refers to stm32f7xx_hal_pwr_ex.o(i.HAL_PWREx_EnableOverDrive) for HAL_PWREx_EnableOverDrive
    main.o(i.SystemClock_Config) refers to stm32f7xx_hal_rcc.o(i.HAL_RCC_ClockConfig) for HAL_RCC_ClockConfig
    main.o(i.SystemClock_Config) refers to stm32f7xx_hal_rcc_ex.o(i.HAL_RCCEx_PeriphCLKConfig) for HAL_RCCEx_PeriphCLKConfig
    main.o(i.bootloader_handle_dis_rw_protect) refers to stm32f7xx_hal.o(i.HAL_Delay) for HAL_Delay
    main.o(i.bootloader_handle_dis_rw_protect) refers to main.o(i.bootloader_send_ack) for bootloader_send_ack
    main.o(i.bootloader_handle_dis_rw_protect) refers to main.o(i.configure_flash_sector_rw_protection) for configure_flash_sector_rw_protection
    main.o(i.bootloader_handle_dis_rw_protect) refers to main.o(i.bootloader_uart_write_data) for bootloader_uart_write_data
    main.o(i.bootloader_handle_en_rw_protect) refers to stm32f7xx_hal.o(i.HAL_Delay) for HAL_Delay
    main.o(i.bootloader_handle_en_rw_protect) refers to main.o(i.bootloader_send_ack) for bootloader_send_ack
    main.o(i.bootloader_handle_en_rw_protect) refers to main.o(i.configure_flash_sector_rw_protection) for configure_flash_sector_rw_protection
    main.o(i.bootloader_handle_en_rw_protect) refers to main.o(i.bootloader_uart_write_data) for bootloader_uart_write_data
    main.o(i.bootloader_handle_flash_erase_cmd) refers to stm32f7xx_hal.o(i.HAL_Delay) for HAL_Delay
    main.o(i.bootloader_handle_flash_erase_cmd) refers to main.o(i.bootloader_send_ack) for bootloader_send_ack
    main.o(i.bootloader_handle_flash_erase_cmd) refers to stm32f769i_discovery.o(i.BSP_LED_On) for BSP_LED_On
    main.o(i.bootloader_handle_flash_erase_cmd) refers to main.o(i.execute_flash_erase) for execute_flash_erase
    main.o(i.bootloader_handle_flash_erase_cmd) refers to stm32f769i_discovery.o(i.BSP_LED_Off) for BSP_LED_Off
    main.o(i.bootloader_handle_flash_erase_cmd) refers to main.o(i.bootloader_uart_write_data) for bootloader_uart_write_data
    main.o(i.bootloader_handle_getcid_cmd) refers to stm32f7xx_hal.o(i.HAL_Delay) for HAL_Delay
    main.o(i.bootloader_handle_getcid_cmd) refers to main.o(i.bootloader_send_ack) for bootloader_send_ack
    main.o(i.bootloader_handle_getcid_cmd) refers to main.o(i.get_mcu_chip_id) for get_mcu_chip_id
    main.o(i.bootloader_handle_getcid_cmd) refers to main.o(i.bootloader_uart_write_data) for bootloader_uart_write_data
    main.o(i.bootloader_handle_getrdp_cmd) refers to stm32f7xx_hal.o(i.HAL_Delay) for HAL_Delay
    main.o(i.bootloader_handle_getrdp_cmd) refers to main.o(i.bootloader_send_ack) for bootloader_send_ack
    main.o(i.bootloader_handle_getrdp_cmd) refers to main.o(i.get_flash_rdp_level) for get_flash_rdp_level
    main.o(i.bootloader_handle_getrdp_cmd) refers to main.o(i.bootloader_uart_write_data) for bootloader_uart_write_data
[...]
    Removing stm32f7xx_hal_uart.o(i.UART_TxISR_16BIT), (64 bytes).
    Removing stm32f7xx_hal_uart.o(i.UART_TxISR_8BIT), (60 bytes).
    Removing stm32f7xx_hal_uart_ex.o(.rev16_text), (4 bytes).
    Removing stm32f7xx_hal_uart_ex.o(.revsh_text), (4 bytes).
    Removing stm32f7xx_hal_uart_ex.o(.rrx_text), (6 bytes).
    Removing stm32f7xx_hal_uart_ex.o(i.HAL_MultiProcessorEx_AddressLength_Set), (46 bytes).
    Removing stm32f7xx_hal_uart_ex.o(i.HAL_RS485Ex_Init), (136 bytes).
    Removing stm32f7xx_hal_uart_ex.o(i.HAL_UARTEx_DisableClockStopMode), (38 bytes).
    Removing stm32f7xx_hal_uart_ex.o(i.HAL_UARTEx_DisableStopMode), (38 bytes).
    Removing stm32f7xx_hal_uart_ex.o(i.HAL_UARTEx_EnableClockStopMode), (38 bytes).
    Removing stm32f7xx_hal_uart_ex.o(i.HAL_UARTEx_EnableStopMode), (38 bytes).
    Removing stm32f7xx_hal_uart_ex.o(i.HAL_UARTEx_ReceiveToIdle), (310 bytes).
    Removing stm32f7xx_hal_uart_ex.o(i.HAL_UARTEx_ReceiveToIdle_DMA), (72 bytes).
    Removing stm32f7xx_hal_uart_ex.o(i.HAL_UARTEx_ReceiveToIdle_IT), (72 bytes).
    Removing stm32f7xx_hal_uart_ex.o(i.HAL_UARTEx_StopModeWakeUpSourceConfig), (136 bytes).
    Removing system_stm32f7xx.o(.rev16_text), (4 bytes).
    Removing system_stm32f7xx.o(.revsh_text), (4 bytes).
    Removing system_stm32f7xx.o(.rrx_text), (6 bytes).
    Removing system_stm32f7xx.o(i.SystemCoreClockUpdate), (132 bytes).
    Removing stm32f769i_discovery.o(.rev16_text), (4 bytes).
    Removing stm32f769i_discovery.o(.revsh_text), (4 bytes).
    Removing stm32f769i_discovery.o(.rrx_text), (6 bytes).
    Removing stm32f769i_discovery.o(i.AUDIO_IO_DeInit), (2 bytes).
    Removing stm32f769i_discovery.o(i.AUDIO_IO_Delay), (4 bytes).
    Removing stm32f769i_discovery.o(i.AUDIO_IO_Init), (12 bytes).
    Removing stm32f769i_discovery.o(i.AUDIO_IO_Read), (52 bytes).
    Removing stm32f769i_discovery.o(i.AUDIO_IO_Write), (52 bytes).
    Removing stm32f769i_discovery.o(i.BSP_GetVersion), (8 bytes).
    Removing stm32f769i_discovery.o(i.BSP_LED_DeInit), (44 bytes).
    Removing stm32f769i_discovery.o(i.BSP_LED_Toggle), (24 bytes).
    Removing stm32f769i_discovery.o(i.BSP_PB_DeInit), (48 bytes).
    Removing stm32f769i_discovery.o(i.EEPROM_IO_Init), (12 bytes).
    Removing stm32f769i_discovery.o(i.EEPROM_IO_IsDeviceReady), (20 bytes).
    Removing stm32f769i_discovery.o(i.EEPROM_IO_ReadData), (28 bytes).
    Removing stm32f769i_discovery.o(i.EEPROM_IO_WriteData), (28 bytes).
    Removing stm32f769i_discovery.o(i.HDMI_IO_Delay), (4 bytes).
    Removing stm32f769i_discovery.o(i.HDMI_IO_Init), (12 bytes).
    Removing stm32f769i_discovery.o(i.HDMI_IO_Read), (40 bytes).
    Removing stm32f769i_discovery.o(i.HDMI_IO_Write), (32 bytes).
    Removing stm32f769i_discovery.o(i.I2Cx_Error), (18 bytes).
    Removing stm32f769i_discovery.o(i.I2Cx_Init), (80 bytes).
    Removing stm32f769i_discovery.o(i.I2Cx_MspInit), (324 bytes).
    Removing stm32f769i_discovery.o(i.I2Cx_ReadMultiple), (42 bytes).
    Removing stm32f769i_discovery.o(i.I2Cx_WriteMultiple), (42 bytes).
    Removing stm32f769i_discovery.o(i.OTM8009A_IO_Delay), (4 bytes).
    Removing stm32f769i_discovery.o(i.TS_IO_Delay), (4 bytes).
    Removing stm32f769i_discovery.o(i.TS_IO_Init), (12 bytes).
    Removing stm32f769i_discovery.o(i.TS_IO_Read), (40 bytes).
    Removing stm32f769i_discovery.o(i.TS_IO_ReadMultiple), (24 bytes).
    Removing stm32f769i_discovery.o(i.TS_IO_Write), (32 bytes).
    Removing stm32f769i_discovery.o(i.TS_IO_WriteMultiple), (24 bytes).
    Removing stm32f769i_discovery.o(.bss), (152 bytes).

413 unused section(s) (total 28606 bytes) removed from the image.

==============================================================================

Image Symbol Table

    Local Symbols

    Symbol Name                              Value     Ov Type        Size  Object(Section)

    ../Drivers/STM32F7xx_HAL_Driver/Src/stm32f7xx_hal.c 0x00000000   Number         0  stm32f7xx_hal.o ABSOLUTE
    ../Drivers/STM32F7xx_HAL_Driver/Src/stm32f7xx_hal_cortex.c 0x00000000   Number         0  stm32f7xx_hal_cortex.o ABSOLUTE
    ../Drivers/STM32F7xx_HAL_Driver/Src/stm32f7xx_hal_crc.c 0x00000000   Number         0  stm32f7xx_hal_crc.o ABSOLUTE
    ../Drivers/STM32F7xx_HAL_Driver/Src/stm32f7xx_hal_crc_ex.c 0x00000000   Number         0  stm32f7xx_hal_crc_ex.o ABSOLUTE
    ../Drivers/STM32F7xx_HAL_Driver/Src/stm32f7xx_hal_dma.c 0x00000000   Number         0  stm32f7xx_hal_dma.o ABSOLUTE
    ../Drivers/STM32F7xx_HAL_Driver/Src/stm32f7xx_hal_dma_ex.c 0x00000000   Number         0  stm32f7xx_hal_dma_ex.o ABSOLUTE
    ../Drivers/STM32F7xx_HAL_Driver/Src/stm32f7xx_hal_exti.c 0x00000000   Number         0  stm32f7xx_hal_exti.o ABSOLUTE
    ../Drivers/STM32F7xx_HAL_Driver/Src/stm32f7xx_hal_flash.c 0x00000000   Number         0  stm32f7xx_hal_flash.o ABSOLUTE
    ../Drivers/STM32F7xx_HAL_Driver/Src/stm32f7xx_hal_flash_ex.c 0x00000000   Number         0  stm32f7xx_hal_flash_ex.o ABSOLUTE
    ../Drivers/STM32F7xx_HAL_Driver/Src/stm32f7xx_hal_gpio.c 0x00000000   Number         0  stm32f7xx_hal_gpio.o ABSOLUTE
    ../Drivers/STM32F7xx_HAL_Driver/Src/stm32f7xx_hal_i2c.c 0x00000000   Number         0  stm32f7xx_hal_i2c.o ABSOLUTE
    ../Drivers/STM32F7xx_HAL_Driver/Src/stm32f7xx_hal_i2c_ex.c 0x00000000   Number         0  stm32f7xx_hal_i2c_ex.o ABSOLUTE
    ../Drivers/STM32F7xx_HAL_Driver/Src/stm32f7xx_hal_pwr.c 0x00000000   Number         0  stm32f7xx_hal_pwr.o ABSOLUTE
    ../Drivers/STM32F7xx_HAL_Driver/Src/stm32f7xx_hal_pwr_ex.c 0x00000000   Number         0  stm32f7xx_hal_pwr_ex.o ABSOLUTE
    ../Drivers/STM32F7xx_HAL_Driver/Src/stm32f7xx_hal_rcc.c 0x00000000   Number         0  stm32f7xx_hal_rcc.o ABSOLUTE
    ../Drivers/STM32F7xx_HAL_Driver/Src/stm32f7xx_hal_rcc_ex.c 0x00000000   Number         0  stm32f7xx_hal_rcc_ex.o ABSOLUTE
    ../Drivers/STM32F7xx_HAL_Driver/Src/stm32f7xx_hal_tim.c 0x00000000   Number         0  stm32f7xx_hal_tim.o ABSOLUTE
    ../Drivers/STM32F7xx_HAL_Driver/Src/stm32f7xx_hal_tim_ex.c 0x00000000   Number         0  stm32f7xx_hal_tim_ex.o ABSOLUTE
    ../Drivers/STM32F7xx_HAL_Driver/Src/stm32f7xx_hal_uart.c 0x00000000   Number         0  stm32f7xx_hal_uart.o ABSOLUTE
    ../Drivers/STM32F7xx_HAL_Driver/Src/stm32f7xx_hal_uart_ex.c 0x00000000   Number         0  stm32f7xx_hal_uart_ex.o ABSOLUTE
    ../Src/crc.c                             0x00000000   Number         0  crc.o ABSOLUTE
    ../Src/gpio.c                            0x00000000   Number         0  gpio.o ABSOLUTE
    ../Src/main.c                            0x00000000   Number         0  main.o ABSOLUTE
    ../Src/stm32f7xx_hal_msp.c               0x00000000   Number         0  stm32f7xx_hal_msp.o ABSOLUTE
    ../Src/stm32f7xx_it.c                    0x00000000   Number         0  stm32f7xx_it.o ABSOLUTE
    ../Src/system_stm32f7xx.c                0x00000000   Number         0  system_stm32f7xx.o ABSOLUTE
    ../Src/usart.c                           0x00000000   Number         0  usart.o ABSOLUTE
    ../clib/angel/boardlib.s                 0x00000000   Number         0  boardinit2.o ABSOLUTE
    ../clib/angel/boardlib.s                 0x00000000   Number         0  boardinit3.o ABSOLUTE
    ../clib/angel/boardlib.s                 0x00000000   Number         0  boardinit1.o ABSOLUTE
    ../clib/angel/boardlib.s                 0x00000000   Number         0  boardshut.o ABSOLUTE
    ../clib/angel/handlers.s                 0x00000000   Number         0  __scatter_zi.o ABSOLUTE
    ../clib/angel/handlers.s                 0x00000000   Number         0  __scatter_copy.o ABSOLUTE
    ../clib/angel/kernel.s                   0x00000000   Number         0  __rtentry2.o ABSOLUTE
    ../clib/angel/kernel.s                   0x00000000   Number         0  __rtentry4.o ABSOLUTE
    ../clib/angel/kernel.s                   0x00000000   Number         0  rtexit2.o ABSOLUTE
    ../clib/angel/kernel.s                   0x00000000   Number         0  rtexit.o ABSOLUTE
    ../clib/angel/kernel.s                   0x00000000   Number         0  __rtentry.o ABSOLUTE
    ../clib/angel/rt.s                       0x00000000   Number         0  rt_div0.o ABSOLUTE
    ../clib/angel/rt.s                       0x00000000   Number         0  rt_raise.o ABSOLUTE
    ../clib/angel/rt.s                       0x00000000   Number         0  aeabi_ldiv0_sigfpe.o ABSOLUTE
    ../clib/angel/rt.s                       0x00000000   Number         0  aeabi_ldiv0.o ABSOLUTE
    ../clib/angel/scatter.s                  0x00000000   Number         0  __scatter.o ABSOLUTE
    ../clib/angel/startup.s                  0x00000000   Number         0  __main.o ABSOLUTE
    ../clib/angel/sys.s                      0x00000000   Number         0  sys_stackheap_outer.o ABSOLUTE
    ../clib/angel/sys.s                      0x00000000   Number         0  use_no_semi.o ABSOLUTE
    ../clib/angel/sys.s                      0x00000000   Number         0  indicate_semi.o ABSOLUTE
    ../clib/angel/sys.s                      0x00000000   Number         0  libspace.o ABSOLUTE
    ../clib/angel/sysapp.c                   0x00000000   Number         0  sys_exit.o ABSOLUTE
    ../clib/angel/sysapp.c                   0x00000000   Number         0  sys_wrch.o ABSOLUTE
    ../clib/angel/sysapp.c                   0x00000000   Number         0  sys_command.o ABSOLUTE
    ../clib/armsys.c                         0x00000000   Number         0  argv_veneer.o ABSOLUTE
    ../clib/armsys.c                         0x00000000   Number         0  no_argv.o ABSOLUTE
    ../clib/armsys.c                         0x00000000   Number         0  argv_veneer.o ABSOLUTE
    ../clib/armsys.c                         0x00000000   Number         0  _get_argv_nomalloc.o ABSOLUTE
    ../clib/heapalloc.c                      0x00000000   Number         0  hrguard.o ABSOLUTE
    ../clib/heapaux.c                        0x00000000   Number         0  heapauxi.o ABSOLUTE
    ../clib/libinit.s                        0x00000000   Number         0  libshutdown2.o ABSOLUTE
    ../clib/libinit.s                        0x00000000   Number         0  libshutdown.o ABSOLUTE
    ../clib/libinit.s                        0x00000000   Number         0  libinit.o ABSOLUTE
    ../clib/libinit.s                        0x00000000   Number         0  libinit2.o ABSOLUTE
    ../clib/longlong.s                       0x00000000   Number         0  lludivv7m.o ABSOLUTE
    ../clib/memcpset.s                       0x00000000   Number         0  rt_memclr.o ABSOLUTE
    ../clib/memcpset.s                       0x00000000   Number         0  rt_memclr_w.o ABSOLUTE
    ../clib/signal.c                         0x00000000   Number         0  defsig_stak_inner.o ABSOLUTE
    ../clib/signal.c                         0x00000000   Number         0  defsig_fpe_formal.o ABSOLUTE
    ../clib/signal.c                         0x00000000   Number         0  defsig_pvfn_inner.o ABSOLUTE
    ../clib/signal.c                         0x00000000   Number         0  defsig_cppl_inner.o ABSOLUTE
    ../clib/signal.c                         0x00000000   Number         0  defsig_segv_inner.o ABSOLUTE
    ../clib/signal.c                         0x00000000   Number         0  defsig_rtmem_formal.o ABSOLUTE
    ../clib/signal.c                         0x00000000   Number         0  defsig_rtmem_outer.o ABSOLUTE
    ../clib/signal.c                         0x00000000   Number         0  defsig_rtmem_inner.o ABSOLUTE
    ../clib/signal.c                         0x00000000   Number         0  defsig_rtred_inner.o ABSOLUTE
    ../clib/signal.c                         0x00000000   Number         0  defsig_general.o ABSOLUTE
    ../clib/signal.c                         0x00000000   Number         0  __raise.o ABSOLUTE
    ../clib/signal.c                         0x00000000   Number         0  defsig_abrt_inner.o ABSOLUTE
    ../clib/signal.c                         0x00000000   Number         0  defsig_exit.o ABSOLUTE
    ../clib/signal.c                         0x00000000   Number         0  defsig_other.o ABSOLUTE
    ../clib/signal.c                         0x00000000   Number         0  defsig_fpe_outer.o ABSOLUTE
    ../clib/signal.c                         0x00000000   Number         0  defsig_fpe_inner.o ABSOLUTE
    ../clib/signal.s                         0x00000000   Number         0  defsig.o ABSOLUTE
    ../clib/stdlib.c                         0x00000000   Number         0  exit.o ABSOLUTE
    ../fplib/fpinit.s                        0x00000000   Number         0  fpinit.o ABSOLUTE
    ..\Drivers\BSP\stm32f769i_discovery.c    0x00000000   Number         0  stm32f769i_discovery.o ABSOLUTE
    ..\Drivers\STM32F7xx_HAL_Driver\Src\stm32f7xx_hal.c 0x00000000   Number         0  stm32f7xx_hal.o ABSOLUTE
    ..\Drivers\STM32F7xx_HAL_Driver\Src\stm32f7xx_hal_cortex.c 0x00000000   Number         0  stm32f7xx_hal_cortex.o ABSOLUTE
    ..\Drivers\STM32F7xx_HAL_Driver\Src\stm32f7xx_hal_crc.c 0x00000000   Number         0  stm32f7xx_hal_crc.o ABSOLUTE
    ..\Drivers\STM32F7xx_HAL_Driver\Src\stm32f7xx_hal_crc_ex.c 0x00000000   Number         0  stm32f7xx_hal_crc_ex.o ABSOLUTE
    ..\Drivers\STM32F7xx_HAL_Driver\Src\stm32f7xx_hal_dma.c 0x00000000   Number         0  stm32f7xx_hal_dma.o ABSOLUTE
    ..\Drivers\STM32F7xx_HAL_Driver\Src\stm32f7xx_hal_dma_ex.c 0x00000000   Number         0  stm32f7xx_hal_dma_ex.o ABSOLUTE
    ..\Drivers\STM32F7xx_HAL_Driver\Src\stm32f7xx_hal_exti.c 0x00000000   Number         0  stm32f7xx_hal_exti.o ABSOLUTE
    ..\Drivers\STM32F7xx_HAL_Driver\Src\stm32f7xx_hal_flash.c 0x00000000   Number         0  stm32f7xx_hal_flash.o ABSOLUTE
    ..\Drivers\STM32F7xx_HAL_Driver\Src\stm32f7xx_hal_flash_ex.c 0x00000000   Number         0  stm32f7xx_hal_flash_ex.o ABSOLUTE
    ..\Drivers\STM32F7xx_HAL_Driver\Src\stm32f7xx_hal_gpio.c 0x00000000   Number         0  stm32f7xx_hal_gpio.o ABSOLUTE
    ..\Drivers\STM32F7xx_HAL_Driver\Src\stm32f7xx_hal_i2c.c 0x00000000   Number         0  stm32f7xx_hal_i2c.o ABSOLUTE
    ..\Drivers\STM32F7xx_HAL_Driver\Src\stm32f7xx_hal_i2c_ex.c 0x00000000   Number         0  stm32f7xx_hal_i2c_ex.o ABSOLUTE
    ..\Drivers\STM32F7xx_HAL_Driver\Src\stm32f7xx_hal_pwr.c 0x00000000   Number         0  stm32f7xx_hal_pwr.o ABSOLUTE
    ..\Drivers\STM32F7xx_HAL_Driver\Src\stm32f7xx_hal_pwr_ex.c 0x00000000   Number         0  stm32f7xx_hal_pwr_ex.o ABSOLUTE
    ..\Drivers\STM32F7xx_HAL_Driver\Src\stm32f7xx_hal_rcc.c 0x00000000   Number         0  stm32f7xx_hal_rcc.o ABSOLUTE
    ..\Drivers\STM32F7xx_HAL_Driver\Src\stm32f7xx_hal_rcc_ex.c 0x00000000   Number         0  stm32f7xx_hal_rcc_ex.o ABSOLUTE
    ..\Drivers\STM32F7xx_HAL_Driver\Src\stm32f7xx_hal_tim.c 0x00000000   Number         0  stm32f7xx_hal_tim.o ABSOLUTE
    ..\Drivers\STM32F7xx_HAL_Driver\Src\stm32f7xx_hal_tim_ex.c 0x00000000   Number         0  stm32f7xx_hal_tim_ex.o ABSOLUTE
    ..\Drivers\STM32F7xx_HAL_Driver\Src\stm32f7xx_hal_uart.c 0x00000000   Number         0  stm32f7xx_hal_uart.o ABSOLUTE
    ..\Drivers\STM32F7xx_HAL_Driver\Src\stm32f7xx_hal_uart_ex.c 0x00000000   Number         0  stm32f7xx_hal_uart_ex.o ABSOLUTE
    ..\Src\crc.c                             0x00000000   Number         0  crc.o ABSOLUTE
    ..\Src\gpio.c                            0x00000000   Number         0  gpio.o ABSOLUTE
    ..\Src\main.c                            0x00000000   Number         0  main.o ABSOLUTE
    ..\Src\stm32f7xx_hal_msp.c               0x00000000   Number         0  stm32f7xx_hal_msp.o ABSOLUTE
    ..\Src\stm32f7xx_it.c                    0x00000000   Number         0  stm32f7xx_it.o ABSOLUTE
    ..\Src\system_stm32f7xx.c                0x00000000   Number         0  system_stm32f7xx.o ABSOLUTE
    ..\Src\usart.c                           0x00000000   Number         0  usart.o ABSOLUTE
    ..\\Drivers\\BSP\\stm32f769i_discovery.c 0x00000000   Number         0  stm32f769i_discovery.o ABSOLUTE
    dc.s                                     0x00000000   Number         0  dc.o ABSOLUTE
    startup_stm32f769xx.s                    0x00000000   Number         0  startup_stm32f769xx.o ABSOLUTE
    RESET                                    0x08000000   Section      504  startup_stm32f769xx.o(RESET)
    !!!main                                  0x080001f8   Section        8  __main.o(!!!main)
    !!!scatter                               0x08000200   Section       52  __scatter.o(!!!scatter)
    !!handler_copy                           0x08000234   Section       26  __scatter_copy.o(!!handler_copy)
    !!handler_zi                             0x08000250   Section       28  __scatter_zi.o(!!handler_zi)
    .ARM.Collect$$libinit$$00000000          0x0800026c   Section        2  libinit.o(.ARM.Collect$$libinit$$00000000)
    .ARM.Collect$$libinit$$00000001          0x0800026e   Section        4  libinit2.o(.ARM.Collect$$libinit$$00000001)
    .ARM.Collect$$libinit$$00000004          0x08000272   Section        0  libinit2.o(.ARM.Collect$$libinit$$00000004)
    .ARM.Collect$$libinit$$0000000A          0x08000272   Section        0  libinit2.o(.ARM.Collect$$libinit$$0000000A)
    .ARM.Collect$$libinit$$0000000C          0x08000272   Section        0  libinit2.o(.ARM.Collect$$libinit$$0000000C)
    .ARM.Collect$$libinit$$0000000E          0x08000272   Section        0  libinit2.o(.ARM.Collect$$libinit$$0000000E)
    .ARM.Collect$$libinit$$00000011          0x08000272   Section        0  libinit2.o(.ARM.Collect$$libinit$$00000011)
    .ARM.Collect$$libinit$$00000013          0x08000272   Section        0  libinit2.o(.ARM.Collect$$libinit$$00000013)
    .ARM.Collect$$libinit$$00000015          0x08000272   Section        0  libinit2.o(.ARM.Collect$$libinit$$00000015)
    .ARM.Collect$$libinit$$00000017          0x08000272   Section        0  libinit2.o(.ARM.Collect$$libinit$$00000017)
    .ARM.Collect$$libinit$$00000019          0x08000272   Section        0  libinit2.o(.ARM.Collect$$libinit$$00000019)
    .ARM.Collect$$libinit$$0000001B          0x08000272   Section        0  libinit2.o(.ARM.Collect$$libinit$$0000001B)
    .ARM.Collect$$libinit$$0000001D          0x08000272   Section        0  libinit2.o(.ARM.Collect$$libinit$$0000001D)
    .ARM.Collect$$libinit$$0000001F          0x08000272   Section        0  libinit2.o(.ARM.Collect$$libinit$$0000001F)
    .ARM.Collect$$libinit$$00000021          0x08000272   Section        0  libinit2.o(.ARM.Collect$$libinit$$00000021)
    .ARM.Collect$$libinit$$00000023          0x08000272   Section        0  libinit2.o(.ARM.Collect$$libinit$$00000023)
    .ARM.Collect$$libinit$$00000025          0x08000272   Section        0  libinit2.o(.ARM.Collect$$libinit$$00000025)
    .ARM.Collect$$libinit$$0000002C          0x08000272   Section        0  libinit2.o(.ARM.Collect$$libinit$$0000002C)
    .ARM.Collect$$libinit$$0000002E          0x08000272   Section        0  libinit2.o(.ARM.Collect$$libinit$$0000002E)
    .ARM.Collect$$libinit$$00000030          0x08000272   Section        0  libinit2.o(.ARM.Collect$$libinit$$00000030)
    .ARM.Collect$$libinit$$00000032          0x08000272   Section        0  libinit2.o(.ARM.Collect$$libinit$$00000032)
    .ARM.Collect$$libinit$$00000033          0x08000272   Section        2  libinit2.o(.ARM.Collect$$libinit$$00000033)
    .ARM.Collect$$libshutdown$$00000000      0x08000274   Section        2  libshutdown.o(.ARM.Collect$$libshutdown$$00000000)
    .ARM.Collect$$libshutdown$$00000002      0x08000276   Section        0  libshutdown2.o(.ARM.Collect$$libshutdown$$00000002)
    .ARM.Collect$$libshutdown$$00000004      0x08000276   Section        0  libshutdown2.o(.ARM.Collect$$libshutdown$$00000004)
    .ARM.Collect$$libshutdown$$00000006      0x08000276   Section        0  libshutdown2.o(.ARM.Collect$$libshutdown$$00000006)
    .ARM.Collect$$libshutdown$$00000009      0x08000276   Section        0  libshutdown2.o(.ARM.Collect$$libshutdown$$00000009)
    .ARM.Collect$$libshutdown$$0000000C      0x08000276   Section        0  libshutdown2.o(.ARM.Collect$$libshutdown$$0000000C)
    .ARM.Collect$$libshutdown$$0000000E      0x08000276   Section        0  libshutdown2.o(.ARM.Collect$$libshutdown$$0000000E)
    .ARM.Collect$$libshutdown$$00000011      0x08000276   Section        0  libshutdown2.o(.ARM.Collect$$libshutdown$$00000011)
    .ARM.Collect$$libshutdown$$00000012      0x08000276   Section        2  libshutdown2.o(.ARM.Collect$$libshutdown$$00000012)
    .ARM.Collect$$rtentry$$00000000          0x08000278   Section        0  __rtentry.o(.ARM.Collect$$rtentry$$00000000)
    .ARM.Collect$$rtentry$$00000002          0x08000278   Section        0  __rtentry2.o(.ARM.Collect$$rtentry$$00000002)
    .ARM.Collect$$rtentry$$00000004          0x08000278   Section        6  __rtentry4.o(.ARM.Collect$$rtentry$$00000004)
    .ARM.Collect$$rtentry$$00000009          0x0800027e   Section        0  __rtentry2.o(.ARM.Collect$$rtentry$$00000009)
    .ARM.Collect$$rtentry$$0000000A          0x0800027e   Section        4  __rtentry2.o(.ARM.Collect$$rtentry$$0000000A)
    .ARM.Collect$$rtentry$$0000000C          0x08000282   Section        0  __rtentry2.o(.ARM.Collect$$rtentry$$0000000C)
    .ARM.Collect$$rtentry$$0000000D          0x08000282   Section        8  __rtentry2.o(.ARM.Collect$$rtentry$$0000000D)
    .ARM.Collect$$rtexit$$00000000           0x0800028a   Section        2  rtexit.o(.ARM.Collect$$rtexit$$00000000)
    .ARM.Collect$$rtexit$$00000002           0x0800028c   Section        0  rtexit2.o(.ARM.Collect$$rtexit$$00000002)
    .ARM.Collect$$rtexit$$00000003           0x0800028c   Section        4  rtexit2.o(.ARM.Collect$$rtexit$$00000003)
    .ARM.Collect$$rtexit$$00000004           0x08000290   Section        6  rtexit2.o(.ARM.Collect$$rtexit$$00000004)
    .text                                    0x08000298   Section       64  startup_stm32f769xx.o(.text)
    $v0                                      0x08000298   Number         0  startup_stm32f769xx.o(.text)
    .text                                    0x080002d8   Section      238  lludivv7m.o(.text)
    .text                                    0x080003c6   Section       68  rt_memclr.o(.text)
    .text                                    0x0800040a   Section       78  rt_memclr_w.o(.text)
    .text                                    0x08000458   Section        0  heapauxi.o(.text)
    .text                                    0x0800045e   Section       74  sys_stackheap_outer.o(.text)
    .text                                    0x080004a8   Section        0  exit.o(.text)
    .text                                    0x080004bc   Section        8  libspace.o(.text)
    .text                                    0x080004c4   Section        0  sys_exit.o(.text)
    .text                                    0x080004d0   Section        2  use_no_semi.o(.text)
    .text                                    0x080004d2   Section        0  indicate_semi.o(.text)
    i.BSP_LED_Init                           0x080004d4   Section        0  stm32f769i_discovery.o(i.BSP_LED_Init)
    i.BSP_LED_Off                            0x08000518   Section        0  stm32f769i_discovery.o(i.BSP_LED_Off)
    i.BSP_LED_On                             0x08000534   Section        0  stm32f769i_discovery.o(i.BSP_LED_On)
    i.BSP_PB_GetState                        0x08000550   Section        0  stm32f769i_discovery.o(i.BSP_PB_GetState)
    i.BSP_PB_Init                            0x08000568   Section        0  stm32f769i_discovery.o(i.BSP_PB_Init)
    i.BusFault_Handler                       0x080005f4   Section        0  stm32f7xx_it.o(i.BusFault_Handler)
    i.DebugMon_Handler                       0x080005f6   Section        0  stm32f7xx_it.o(i.DebugMon_Handler)
    i.Error_Handler                          0x080005f8   Section        0  main.o(i.Error_Handler)
    i.FLASH_Erase_Sector                     0x080005fc   Section        0  stm32f7xx_hal_flash_ex.o(i.FLASH_Erase_Sector)
    i.FLASH_MassErase                        0x08000658   Section        0  stm32f7xx_hal_flash_ex.o(i.FLASH_MassErase)
    FLASH_MassErase                          0x08000659   Thumb Code    62  stm32f7xx_hal_flash_ex.o(i.FLASH_MassErase)
    i.FLASH_OB_GetBootAddress                0x0800069c   Section        0  stm32f7xx_hal_flash_ex.o(i.FLASH_OB_GetBootAddress)
    FLASH_OB_GetBootAddress                  0x0800069d   Thumb Code    16  stm32f7xx_hal_flash_ex.o(i.FLASH_OB_GetBootAddress)
    i.FLASH_Program_Byte                     0x080006b0   Section        0  stm32f7xx_hal_flash.o(i.FLASH_Program_Byte)
    FLASH_Program_Byte                       0x080006b1   Thumb Code    30  stm32f7xx_hal_flash.o(i.FLASH_Program_Byte)
    i.FLASH_Program_DoubleWord               0x080006d4   Section        0  stm32f7xx_hal_flash.o(i.FLASH_Program_DoubleWord)
    FLASH_Program_DoubleWord                 0x080006d5   Thumb Code    42  stm32f7xx_hal_flash.o(i.FLASH_Program_DoubleWord)
    i.FLASH_Program_HalfWord                 0x08000704   Section        0  stm32f7xx_hal_flash.o(i.FLASH_Program_HalfWord)
    FLASH_Program_HalfWord                   0x08000705   Thumb Code    34  stm32f7xx_hal_flash.o(i.FLASH_Program_HalfWord)
    i.FLASH_Program_Word                     0x0800072c   Section        0  stm32f7xx_hal_flash.o(i.FLASH_Program_Word)
    FLASH_Program_Word                       0x0800072d   Thumb Code    34  stm32f7xx_hal_flash.o(i.FLASH_Program_Word)
    i.FLASH_SetErrorCode                     0x08000754   Section        0  stm32f7xx_hal_flash.o(i.FLASH_SetErrorCode)
    FLASH_SetErrorCode                       0x08000755   Thumb Code    80  stm32f7xx_hal_flash.o(i.FLASH_SetErrorCode)
    i.FLASH_WaitForLastOperation             0x080007ac   Section        0  stm32f7xx_hal_flash.o(i.FLASH_WaitForLastOperation)
    i.HAL_CRCEx_Polynomial_Set               0x08000800   Section        0  stm32f7xx_hal_crc_ex.o(i.HAL_CRCEx_Polynomial_Set)
    i.HAL_CRC_Init                           0x08000850   Section        0  stm32f7xx_hal_crc.o(i.HAL_CRC_Init)
    i.HAL_CRC_MspInit                        0x080008c8   Section        0  crc.o(i.HAL_CRC_MspInit)
    i.HAL_Delay                              0x080008f0   Section        0  stm32f7xx_hal.o(i.HAL_Delay)
    i.HAL_FLASHEx_Erase                      0x08000914   Section        0  stm32f7xx_hal_flash_ex.o(i.HAL_FLASHEx_Erase)
    i.HAL_FLASHEx_OBGetConfig                0x080009a4   Section        0  stm32f7xx_hal_flash_ex.o(i.HAL_FLASHEx_OBGetConfig)
    i.HAL_FLASH_Lock                         0x080009f8   Section        0  stm32f7xx_hal_flash.o(i.HAL_FLASH_Lock)
    i.HAL_FLASH_OB_Lock                      0x08000a0c   Section        0  stm32f7xx_hal_flash.o(i.HAL_FLASH_OB_Lock)
    i.HAL_FLASH_OB_Unlock                    0x08000a20   Section        0  stm32f7xx_hal_flash.o(i.HAL_FLASH_OB_Unlock)
    i.HAL_FLASH_Program                      0x08000a48   Section        0  stm32f7xx_hal_flash.o(i.HAL_FLASH_Program)
    i.HAL_FLASH_Unlock                       0x08000acc   Section        0  stm32f7xx_hal_flash.o(i.HAL_FLASH_Unlock)
    i.HAL_GPIO_Init                          0x08000afc   Section        0  stm32f7xx_hal_gpio.o(i.HAL_GPIO_Init)
    i.HAL_GPIO_ReadPin                       0x08000cd4   Section        0  stm32f7xx_hal_gpio.o(i.HAL_GPIO_ReadPin)
    i.HAL_GPIO_WritePin                      0x08000cde   Section        0  stm32f7xx_hal_gpio.o(i.HAL_GPIO_WritePin)
    i.HAL_GetTick                            0x08000ce8   Section        0  stm32f7xx_hal.o(i.HAL_GetTick)
    i.HAL_IncTick                            0x08000cf4   Section        0  stm32f7xx_hal.o(i.HAL_IncTick)
    i.HAL_Init                               0x08000d04   Section        0  stm32f7xx_hal.o(i.HAL_Init)
    i.HAL_InitTick                           0x08000d1c   Section        0  stm32f7xx_hal.o(i.HAL_InitTick)
    i.HAL_MspInit                            0x08000d5c   Section        0  stm32f7xx_hal_msp.o(i.HAL_MspInit)
    i.HAL_NVIC_EnableIRQ                     0x08000d8c   Section        0  stm32f7xx_hal_cortex.o(i.HAL_NVIC_EnableIRQ)
    i.HAL_NVIC_SetPriority                   0x08000da8   Section        0  stm32f7xx_hal_cortex.o(i.HAL_NVIC_SetPriority)
    i.HAL_NVIC_SetPriorityGrouping           0x08000de8   Section        0  stm32f7xx_hal_cortex.o(i.HAL_NVIC_SetPriorityGrouping)
    i.HAL_PWREx_EnableOverDrive              0x08000e0c   Section        0  stm32f7xx_hal_pwr_ex.o(i.HAL_PWREx_EnableOverDrive)
    i.HAL_RCCEx_PeriphCLKConfig              0x08000e78   Section        0  stm32f7xx_hal_rcc_ex.o(i.HAL_RCCEx_PeriphCLKConfig)
    i.HAL_RCC_ClockConfig                    0x080013b4   Section        0  stm32f7xx_hal_rcc.o(i.HAL_RCC_ClockConfig)
    i.HAL_RCC_GetPCLK1Freq                   0x080014e4   Section        0  stm32f7xx_hal_rcc.o(i.HAL_RCC_GetPCLK1Freq)
    i.HAL_RCC_GetPCLK2Freq                   0x08001504   Section        0  stm32f7xx_hal_rcc.o(i.HAL_RCC_GetPCLK2Freq)
    i.HAL_RCC_GetSysClockFreq                0x08001524   Section        0  stm32f7xx_hal_rcc.o(i.HAL_RCC_GetSysClockFreq)
    i.HAL_RCC_OscConfig                      0x08001588   Section        0  stm32f7xx_hal_rcc.o(i.HAL_RCC_OscConfig)
    i.HAL_SYSTICK_Config                     0x08001920   Section        0  stm32f7xx_hal_cortex.o(i.HAL_SYSTICK_Config)
    i.HAL_UART_Init                          0x08001946   Section        0  stm32f7xx_hal_uart.o(i.HAL_UART_Init)
    i.HAL_UART_MspInit                       0x080019ac   Section        0  usart.o(i.HAL_UART_MspInit)
    i.HAL_UART_Receive                       0x08001a10   Section        0  stm32f7xx_hal_uart.o(i.HAL_UART_Receive)
    i.HAL_UART_Transmit                      0x08001b08   Section        0  stm32f7xx_hal_uart.o(i.HAL_UART_Transmit)
    i.HardFault_Handler                      0x08001bc0   Section        0  stm32f7xx_it.o(i.HardFault_Handler)
    i.MX_CRC_Init                            0x08001bc4   Section        0  crc.o(i.MX_CRC_Init)
    i.MX_GPIO_Init                           0x08001be8   Section        0  gpio.o(i.MX_GPIO_Init)
    i.MX_USART1_UART_Init                    0x08001c14   Section        0  usart.o(i.MX_USART1_UART_Init)
    i.MemManage_Handler                      0x08001c50   Section        0  stm32f7xx_it.o(i.MemManage_Handler)
    i.NMI_Handler                            0x08001c52   Section        0  stm32f7xx_it.o(i.NMI_Handler)
    i.PendSV_Handler                         0x08001c54   Section        0  stm32f7xx_it.o(i.PendSV_Handler)
    i.SVC_Handler                            0x08001c56   Section        0  stm32f7xx_it.o(i.SVC_Handler)
    i.SysTick_Handler                        0x08001c58   Section        0  stm32f7xx_it.o(i.SysTick_Handler)
    i.SystemClock_Config                     0x08001c5c   Section        0  main.o(i.SystemClock_Config)
    i.SystemInit                             0x08001d18   Section        0  system_stm32f7xx.o(i.SystemInit)
    i.UART_AdvFeatureConfig                  0x08001d28   Section        0  stm32f7xx_hal_uart.o(i.UART_AdvFeatureConfig)
    i.UART_CheckIdleState                    0x08001df0   Section        0  stm32f7xx_hal_uart.o(i.UART_CheckIdleState)
    i.UART_SetConfig                         0x08001e4c   Section        0  stm32f7xx_hal_uart.o(i.UART_SetConfig)
    i.UART_WaitOnFlagUntilTimeout            0x08002080   Section        0  stm32f7xx_hal_uart.o(i.UART_WaitOnFlagUntilTimeout)
    i.UsageFault_Handler                     0x08002124   Section        0  stm32f7xx_it.o(i.UsageFault_Handler)
    i.__NVIC_SetPriority                     0x08002126   Section        0  stm32f7xx_hal_cortex.o(i.__NVIC_SetPriority)
    __NVIC_SetPriority                       0x08002127   Thumb Code    34  stm32f7xx_hal_cortex.o(i.__NVIC_SetPriority)
    i.bootloader_handle_dis_rw_protect       0x08002148   Section        0  main.o(i.bootloader_handle_dis_rw_protect)
    i.bootloader_handle_en_rw_protect        0x08002178   Section        0  main.o(i.bootloader_handle_en_rw_protect)
    i.bootloader_handle_flash_erase_cmd      0x080021a8   Section        0  main.o(i.bootloader_handle_flash_erase_cmd)
    i.bootloader_handle_getcid_cmd           0x080021e2   Section        0  main.o(i.bootloader_handle_getcid_cmd)
    i.bootloader_handle_getrdp_cmd           0x0800220c   Section        0  main.o(i.bootloader_handle_getrdp_cmd)
    i.bootloader_handle_getver_cmd           0x08002236   Section        0  main.o(i.bootloader_handle_getver_cmd)
    i.bootloader_handle_go_cmd               0x08002258   Section        0  main.o(i.bootloader_handle_go_cmd)
    i.bootloader_handle_mem_write_cmd        0x0800229a   Section        0  main.o(i.bootloader_handle_mem_write_cmd)
    i.bootloader_handle_read_sector_protection_status 0x080022ec   Section        0  main.o(i.bootloader_handle_read_sector_protection_status)
    i.bootloader_jump_to_user_app            0x08002310   Section        0  main.o(i.bootloader_jump_to_user_app)
    i.bootloader_send_ack                    0x08002320   Section        0  main.o(i.bootloader_send_ack)
    i.bootloader_uart_read_data              0x08002340   Section        0  main.o(i.bootloader_uart_read_data)
    i.bootloader_uart_write_data             0x080023d0   Section        0  main.o(i.bootloader_uart_write_data)
    i.configure_flash_sector_rw_protection   0x080023e4   Section        0  main.o(i.configure_flash_sector_rw_protection)
    i.execute_flash_erase                    0x08002490   Section        0  main.o(i.execute_flash_erase)
    i.execute_mem_write                      0x080024de   Section        0  main.o(i.execute_mem_write)
    i.get_flash_rdp_level                    0x08002514   Section        0  main.o(i.get_flash_rdp_level)
    i.get_mcu_chip_id                        0x08002524   Section        0  main.o(i.get_mcu_chip_id)
    i.main                                   0x08002534   Section        0  main.o(i.main)
    i.read_OB_rw_protection_status           0x08002572   Section        0  main.o(i.read_OB_rw_protection_status)
    i.verify_address                         0x0800258c   Section        0  main.o(i.verify_address)
    x$fpl$fpinit                             0x080025c8   Section       10  fpinit.o(x$fpl$fpinit)
    $v0                                      0x080025c8   Number         0  fpinit.o(x$fpl$fpinit)
    .constdata                               0x080025d2   Section       16  system_stm32f7xx.o(.constdata)
    .constdata                               0x080025e2   Section        8  system_stm32f7xx.o(.constdata)
    .constdata                               0x080025ea   Section        4  stm32f769i_discovery.o(.constdata)
    .data                                    0x20000000   Section       12  stm32f7xx_hal.o(.data)
    .data                                    0x2000000c   Section        4  system_stm32f7xx.o(.data)
    .data                                    0x20000010   Section       20  stm32f769i_discovery.o(.data)
    .bss                                     0x20000024   Section      200  main.o(.bss)
    .bss                                     0x200000ec   Section       36  crc.o(.bss)
    .bss                                     0x20000110   Section      132  usart.o(.bss)
    .bss                                     0x20000194   Section       28  stm32f7xx_hal_flash.o(.bss)
    .bss                                     0x200001b0   Section       96  libspace.o(.bss)
    HEAP                                     0x20000210   Section      512  startup_stm32f769xx.o(HEAP)
    Heap_Mem                                 0x20000210   Data         512  startup_stm32f769xx.o(HEAP)
    STACK                                    0x20000410   Section     1024  startup_stm32f769xx.o(STACK)
    Stack_Mem                                0x20000410   Data        1024  startup_stm32f769xx.o(STACK)
    __initial_sp                             0x20000810   Data           0  startup_stm32f769xx.o(STACK)

    Global Symbols

    Symbol Name                              Value     Ov Type        Size  Object(Section)

    BuildAttributes$$THM_ISAv4$E$P$D$K$B$S$7EM$VFPv5_D16$PE$PLD8$A:L22UL41UL21$X:L11$S22US41US21$IEEE1$IW$USESV6$~STKCKD$USESV7$~SHL$OSPACE$ROPI$EBA8$UX$STANDARDLIB$REQ8$PRES8$EABIv2 0x00000000   Number         0  anon$$obj.o ABSOLUTE
    __ARM_use_no_argv                        0x00000000   Number         0  main.o ABSOLUTE
    __ARM_exceptions_init                     - Undefined Weak Reference
    __alloca_initialize                       - Undefined Weak Reference
    __arm_fini_                               - Undefined Weak Reference
    __arm_preinit_                            - Undefined Weak Reference
    __cpp_initialize__aeabi_                  - Undefined Weak Reference
    __cxa_finalize                            - Undefined Weak Reference
    __rt_locale                               - Undefined Weak Reference
    __sigvec_lookup                           - Undefined Weak Reference
    _atexit_init                              - Undefined Weak Reference
    _call_atexit_fns                          - Undefined Weak Reference
    _clock_init                               - Undefined Weak Reference
    _fp_trap_init                             - Undefined Weak Reference
    _fp_trap_shutdown                         - Undefined Weak Reference
    _get_lc_collate                           - Undefined Weak Reference
    _get_lc_ctype                             - Undefined Weak Reference
    _get_lc_monetary                          - Undefined Weak Reference
    _get_lc_numeric                           - Undefined Weak Reference
    _get_lc_time                              - Undefined Weak Reference
    _getenv_init                              - Undefined Weak Reference
    _handle_redirection                       - Undefined Weak Reference
    _init_alloc                               - Undefined Weak Reference
    _init_user_alloc                          - Undefined Weak Reference
    _initio                                   - Undefined Weak Reference
    _rand_init                                - Undefined Weak Reference
    _signal_finish                            - Undefined Weak Reference
    _signal_init                              - Undefined Weak Reference
    _terminate_alloc                          - Undefined Weak Reference
    _terminate_user_alloc                     - Undefined Weak Reference
    _terminateio                              - Undefined Weak Reference
    __Vectors_Size                           0x000001f8   Number         0  startup_stm32f769xx.o ABSOLUTE
    __Vectors                                0x08000000   Data           4  startup_stm32f769xx.o(RESET)
    __Vectors_End                            0x080001f8   Data           0  startup_stm32f769xx.o(RESET)
    __main                                   0x080001f9   Thumb Code     8  __main.o(!!!main)
    __scatterload                            0x08000201   Thumb Code     0  __scatter.o(!!!scatter)
    __scatterload_rt2                        0x08000201   Thumb Code    44  __scatter.o(!!!scatter)
    __scatterload_rt2_thumb_only             0x08000201   Thumb Code     0  __scatter.o(!!!scatter)
    __scatterload_null                       0x0800020f   Thumb Code     0  __scatter.o(!!!scatter)
    __scatterload_copy                       0x08000235   Thumb Code    26  __scatter_copy.o(!!handler_copy)
    __scatterload_zeroinit                   0x08000251   Thumb Code    28  __scatter_zi.o(!!handler_zi)
    __rt_lib_init                            0x0800026d   Thumb Code     0  libinit.o(.ARM.Collect$$libinit$$00000000)
    __rt_lib_init_fp_1                       0x0800026f   Thumb Code     0  libinit2.o(.ARM.Collect$$libinit$$00000001)
    __rt_lib_init_alloca_1                   0x08000273   Thumb Code     0  libinit2.o(.ARM.Collect$$libinit$$0000002E)
    __rt_lib_init_argv_1                     0x08000273   Thumb Code     0  libinit2.o(.ARM.Collect$$libinit$$0000002C)
    __rt_lib_init_atexit_1                   0x08000273   Thumb Code     0  libinit2.o(.ARM.Collect$$libinit$$0000001B)
    __rt_lib_init_clock_1                    0x08000273   Thumb Code     0  libinit2.o(.ARM.Collect$$libinit$$00000021)
    __rt_lib_init_cpp_1                      0x08000273   Thumb Code     0  libinit2.o(.ARM.Collect$$libinit$$00000032)
    __rt_lib_init_exceptions_1               0x08000273   Thumb Code     0  libinit2.o(.ARM.Collect$$libinit$$00000030)
    __rt_lib_init_fp_trap_1                  0x08000273   Thumb Code     0  libinit2.o(.ARM.Collect$$libinit$$0000001F)
    __rt_lib_init_getenv_1                   0x08000273   Thumb Code     0  libinit2.o(.ARM.Collect$$libinit$$00000023)
    __rt_lib_init_heap_1                     0x08000273   Thumb Code     0  libinit2.o(.ARM.Collect$$libinit$$0000000A)
    __rt_lib_init_lc_collate_1               0x08000273   Thumb Code     0  libinit2.o(.ARM.Collect$$libinit$$00000011)
    __rt_lib_init_lc_ctype_1                 0x08000273   Thumb Code     0  libinit2.o(.ARM.Collect$$libinit$$00000013)
    __rt_lib_init_lc_monetary_1              0x08000273   Thumb Code     0  libinit2.o(.ARM.Collect$$libinit$$00000015)
    __rt_lib_init_lc_numeric_1               0x08000273   Thumb Code     0  libinit2.o(.ARM.Collect$$libinit$$00000017)
    __rt_lib_init_lc_time_1                  0x08000273   Thumb Code     0  libinit2.o(.ARM.Collect$$libinit$$00000019)
    __rt_lib_init_preinit_1                  0x08000273   Thumb Code     0  libinit2.o(.ARM.Collect$$libinit$$00000004)
    __rt_lib_init_rand_1                     0x08000273   Thumb Code     0  libinit2.o(.ARM.Collect$$libinit$$0000000E)
    __rt_lib_init_return                     0x08000273   Thumb Code     0  libinit2.o(.ARM.Collect$$libinit$$00000033)
    __rt_lib_init_signal_1                   0x08000273   Thumb Code     0  libinit2.o(.ARM.Collect$$libinit$$0000001D)
    __rt_lib_init_stdio_1                    0x08000273   Thumb Code     0  libinit2.o(.ARM.Collect$$libinit$$00000025)
    __rt_lib_init_user_alloc_1               0x08000273   Thumb Code     0  libinit2.o(.ARM.Collect$$libinit$$0000000C)
    __rt_lib_shutdown                        0x08000275   Thumb Code     0  libshutdown.o(.ARM.Collect$$libshutdown$$00000000)
    __rt_lib_shutdown_cpp_1                  0x08000277   Thumb Code     0  libshutdown2.o(.ARM.Collect$$libshutdown$$00000004)
    __rt_lib_shutdown_fini_1                 0x08000277   Thumb Code     0  libshutdown2.o(.ARM.Collect$$libshutdown$$00000002)
    __rt_lib_shutdown_fp_trap_1              0x08000277   Thumb Code     0  libshutdown2.o(.ARM.Collect$$libshutdown$$00000009)
    __rt_lib_shutdown_heap_1                 0x08000277   Thumb Code     0  libshutdown2.o(.ARM.Collect$$libshutdown$$00000011)
    __rt_lib_shutdown_return                 0x08000277   Thumb Code     0  libshutdown2.o(.ARM.Collect$$libshutdown$$00000012)
    __rt_lib_shutdown_signal_1               0x08000277   Thumb Code     0  libshutdown2.o(.ARM.Collect$$libshutdown$$0000000C)
    __rt_lib_shutdown_stdio_1                0x08000277   Thumb Code     0  libshutdown2.o(.ARM.Collect$$libshutdown$$00000006)
    __rt_lib_shutdown_user_alloc_1           0x08000277   Thumb Code     0  libshutdown2.o(.ARM.Collect$$libshutdown$$0000000E)
    __rt_entry                               0x08000279   Thumb Code     0  __rtentry.o(.ARM.Collect$$rtentry$$00000000)
    __rt_entry_presh_1                       0x08000279   Thumb Code     0  __rtentry2.o(.ARM.Collect$$rtentry$$00000002)
    __rt_entry_sh                            0x08000279   Thumb Code     0  __rtentry4.o(.ARM.Collect$$rtentry$$00000004)
    __rt_entry_li                            0x0800027f   Thumb Code     0  __rtentry2.o(.ARM.Collect$$rtentry$$0000000A)
    __rt_entry_postsh_1                      0x0800027f   Thumb Code     0  __rtentry2.o(.ARM.Collect$$rtentry$$00000009)
    __rt_entry_main                          0x08000283   Thumb Code     0  __rtentry2.o(.ARM.Collect$$rtentry$$0000000D)
    __rt_entry_postli_1                      0x08000283   Thumb Code     0  __rtentry2.o(.ARM.Collect$$rtentry$$0000000C)
    __rt_exit                                0x0800028b   Thumb Code     0  rtexit.o(.ARM.Collect$$rtexit$$00000000)
    __rt_exit_ls                             0x0800028d   Thumb Code     0  rtexit2.o(.ARM.Collect$$rtexit$$00000003)
    __rt_exit_prels_1                        0x0800028d   Thumb Code     0  rtexit2.o(.ARM.Collect$$rtexit$$00000002)
    __rt_exit_exit                           0x08000291   Thumb Code     0  rtexit2.o(.ARM.Collect$$rtexit$$00000004)
    Reset_Handler                            0x08000299   Thumb Code     8  startup_stm32f769xx.o(.text)
    ADC_IRQHandler                           0x080002b3   Thumb Code     0  startup_stm32f769xx.o(.text)
    CAN1_RX0_IRQHandler                      0x080002b3   Thumb Code     0  startup_stm32f769xx.o(.text)
    CAN1_RX1_IRQHandler                      0x080002b3   Thumb Code     0  startup_stm32f769xx.o(.text)
    CAN1_SCE_IRQHandler                      0x080002b3   Thumb Code     0  startup_stm32f769xx.o(.text)
    CAN1_TX_IRQHandler                       0x080002b3   Thumb Code     0  startup_stm32f769xx.o(.text)
    CAN2_RX0_IRQHandler                      0x080002b3   Thumb Code     0  startup_stm32f769xx.o(.text)
    CAN2_RX1_IRQHandler                      0x080002b3   Thumb Code     0  startup_stm32f769xx.o(.text)
    CAN2_SCE_IRQHandler                      0x080002b3   Thumb Code     0  startup_stm32f769xx.o(.text)
    CAN2_TX_IRQHandler                       0x080002b3   Thumb Code     0  startup_stm32f769xx.o(.text)
    CAN3_RX0_IRQHandler                      0x080002b3   Thumb Code     0  startup_stm32f769xx.o(.text)
    CAN3_RX1_IRQHandler                      0x080002b3   Thumb Code     0  startup_stm32f769xx.o(.text)
    CAN3_SCE_IRQHandler                      0x080002b3   Thumb Code     0  startup_stm32f769xx.o(.text)
    CAN3_TX_IRQHandler                       0x080002b3   Thumb Code     0  startup_stm32f769xx.o(.text)
    CEC_IRQHandler                           0x080002b3   Thumb Code     0  startup_stm32f769xx.o(.text)
    DCMI_IRQHandler                          0x080002b3   Thumb Code     0  startup_stm32f769xx.o(.text)
    DFSDM1_FLT0_IRQHandler                   0x080002b3   Thumb Code     0  startup_stm32f769xx.o(.text)
    DFSDM1_FLT1_IRQHandler                   0x080002b3   Thumb Code     0  startup_stm32f769xx.o(.text)
    DFSDM1_FLT2_IRQHandler                   0x080002b3   Thumb Code     0  startup_stm32f769xx.o(.text)
    DFSDM1_FLT3_IRQHandler                   0x080002b3   Thumb Code     0  startup_stm32f769xx.o(.text)
    DMA1_Stream0_IRQHandler                  0x080002b3   Thumb Code     0  startup_stm32f769xx.o(.text)
    DMA1_Stream1_IRQHandler                  0x080002b3   Thumb Code     0  startup_stm32f769xx.o(.text)
    DMA1_Stream2_IRQHandler                  0x080002b3   Thumb Code     0  startup_stm32f769xx.o(.text)
    DMA1_Stream3_IRQHandler                  0x080002b3   Thumb Code     0  startup_stm32f769xx.o(.text)
    DMA1_Stream4_IRQHandler                  0x080002b3   Thumb Code     0  startup_stm32f769xx.o(.text)
    DMA1_Stream5_IRQHandler                  0x080002b3   Thumb Code     0  startup_stm32f769xx.o(.text)
    DMA1_Stream6_IRQHandler                  0x080002b3   Thumb Code     0  startup_stm32f769xx.o(.text)
    DMA1_Stream7_IRQHandler                  0x080002b3   Thumb Code     0  startup_stm32f769xx.o(.text)
    DMA2D_IRQHandler                         0x080002b3   Thumb Code     0  startup_stm32f769xx.o(.text)
    DMA2_Stream0_IRQHandler                  0x080002b3   Thumb Code     0  startup_stm32f769xx.o(.text)
    DMA2_Stream1_IRQHandler                  0x080002b3   Thumb Code     0  startup_stm32f769xx.o(.text)
    DMA2_Stream2_IRQHandler                  0x080002b3   Thumb Code     0  startup_stm32f769xx.o(.text)
    DMA2_Stream3_IRQHandler                  0x080002b3   Thumb Code     0  startup_stm32f769xx.o(.text)
    DMA2_Stream4_IRQHandler                  0x080002b3   Thumb Code     0  startup_stm32f769xx.o(.text)
    DMA2_Stream5_IRQHandler                  0x080002b3   Thumb Code     0  startup_stm32f769xx.o(.text)
    DMA2_Stream6_IRQHandler                  0x080002b3   Thumb Code     0  startup_stm32f769xx.o(.text)
    DMA2_Stream7_IRQHandler                  0x080002b3   Thumb Code     0  startup_stm32f769xx.o(.text)
    DSI_IRQHandler                           0x080002b3   Thumb Code     0  startup_stm32f769xx.o(.text)
    ETH_IRQHandler                           0x080002b3   Thumb Code     0  startup_stm32f769xx.o(.text)
    ETH_WKUP_IRQHandler                      0x080002b3   Thumb Code     0  startup_stm32f769xx.o(.text)
    EXTI0_IRQHandler                         0x080002b3   Thumb Code     0  startup_stm32f769xx.o(.text)
    EXTI15_10_IRQHandler                     0x080002b3   Thumb Code     0  startup_stm32f769xx.o(.text)
    EXTI1_IRQHandler                         0x080002b3   Thumb Code     0  startup_stm32f769xx.o(.text)
    EXTI2_IRQHandler                         0x080002b3   Thumb Code     0  startup_stm32f769xx.o(.text)
    EXTI3_IRQHandler                         0x080002b3   Thumb Code     0  startup_stm32f769xx.o(.text)
    EXTI4_IRQHandler                         0x080002b3   Thumb Code     0  startup_stm32f769xx.o(.text)
    EXTI9_5_IRQHandler                       0x080002b3   Thumb Code     0  startup_stm32f769xx.o(.text)
    FLASH_IRQHandler                         0x080002b3   Thumb Code     0  startup_stm32f769xx.o(.text)
    FMC_IRQHandler                           0x080002b3   Thumb Code     0  startup_stm32f769xx.o(.text)
    FPU_IRQHandler                           0x080002b3   Thumb Code     0  startup_stm32f769xx.o(.text)
    I2C1_ER_IRQHandler                       0x080002b3   Thumb Code     0  startup_stm32f769xx.o(.text)
    I2C1_EV_IRQHandler                       0x080002b3   Thumb Code     0  startup_stm32f769xx.o(.text)
    I2C2_ER_IRQHandler                       0x080002b3   Thumb Code     0  startup_stm32f769xx.o(.text)
    I2C2_EV_IRQHandler                       0x080002b3   Thumb Code     0  startup_stm32f769xx.o(.text)
    I2C3_ER_IRQHandler                       0x080002b3   Thumb Code     0  startup_stm32f769xx.o(.text)
    I2C3_EV_IRQHandler                       0x080002b3   Thumb Code     0  startup_stm32f769xx.o(.text)
    I2C4_ER_IRQHandler                       0x080002b3   Thumb Code     0  startup_stm32f769xx.o(.text)
    I2C4_EV_IRQHandler                       0x080002b3   Thumb Code     0  startup_stm32f769xx.o(.text)
    JPEG_IRQHandler                          0x080002b3   Thumb Code     0  startup_stm32f769xx.o(.text)
    LPTIM1_IRQHandler                        0x080002b3   Thumb Code     0  startup_stm32f769xx.o(.text)
    LTDC_ER_IRQHandler                       0x080002b3   Thumb Code     0  startup_stm32f769xx.o(.text)
    LTDC_IRQHandler                          0x080002b3   Thumb Code     0  startup_stm32f769xx.o(.text)
    MDIOS_IRQHandler                         0x080002b3   Thumb Code     0  startup_stm32f769xx.o(.text)
    OTG_FS_IRQHandler                        0x080002b3   Thumb Code     0  startup_stm32f769xx.o(.text)
    OTG_FS_WKUP_IRQHandler                   0x080002b3   Thumb Code     0  startup_stm32f769xx.o(.text)
    OTG_HS_EP1_IN_IRQHandler                 0x080002b3   Thumb Code     0  startup_stm32f769xx.o(.text)
    OTG_HS_EP1_OUT_IRQHandler                0x080002b3   Thumb Code     0  startup_stm32f769xx.o(.text)
    OTG_HS_IRQHandler                        0x080002b3   Thumb Code     0  startup_stm32f769xx.o(.text)
    OTG_HS_WKUP_IRQHandler                   0x080002b3   Thumb Code     0  startup_stm32f769xx.o(.text)
    PVD_IRQHandler                           0x080002b3   Thumb Code     0  startup_stm32f769xx.o(.text)
    QUADSPI_IRQHandler                       0x080002b3   Thumb Code     0  startup_stm32f769xx.o(.text)
    RCC_IRQHandler                           0x080002b3   Thumb Code     0  startup_stm32f769xx.o(.text)
    RNG_IRQHandler                           0x080002b3   Thumb Code     0  startup_stm32f769xx.o(.text)
    RTC_Alarm_IRQHandler                     0x080002b3   Thumb Code     0  startup_stm32f769xx.o(.text)
    RTC_WKUP_IRQHandler                      0x080002b3   Thumb Code     0  startup_stm32f769xx.o(.text)
    SAI1_IRQHandler                          0x080002b3   Thumb Code     0  startup_stm32f769xx.o(.text)
    SAI2_IRQHandler                          0x080002b3   Thumb Code     0  startup_stm32f769xx.o(.text)
    SDMMC1_IRQHandler                        0x080002b3   Thumb Code     0  startup_stm32f769xx.o(.text)
    SDMMC2_IRQHandler                        0x080002b3   Thumb Code     0  startup_stm32f769xx.o(.text)
    SPDIF_RX_IRQHandler                      0x080002b3   Thumb Code     0  startup_stm32f769xx.o(.text)
    SPI1_IRQHandler                          0x080002b3   Thumb Code     0  startup_stm32f769xx.o(.text)
    SPI2_IRQHandler                          0x080002b3   Thumb Code     0  startup_stm32f769xx.o(.text)
    SPI3_IRQHandler                          0x080002b3   Thumb Code     0  startup_stm32f769xx.o(.text)
    SPI4_IRQHandler                          0x080002b3   Thumb Code     0  startup_stm32f769xx.o(.text)
    SPI5_IRQHandler                          0x080002b3   Thumb Code     0  startup_stm32f769xx.o(.text)
    SPI6_IRQHandler                          0x080002b3   Thumb Code     0  startup_stm32f769xx.o(.text)
    TAMP_STAMP_IRQHandler                    0x080002b3   Thumb Code     0  startup_stm32f769xx.o(.text)
    TIM1_BRK_TIM9_IRQHandler                 0x080002b3   Thumb Code     0  startup_stm32f769xx.o(.text)
    TIM1_CC_IRQHandler                       0x080002b3   Thumb Code     0  startup_stm32f769xx.o(.text)
    TIM1_TRG_COM_TIM11_IRQHandler            0x080002b3   Thumb Code     0  startup_stm32f769xx.o(.text)
    TIM1_UP_TIM10_IRQHandler                 0x080002b3   Thumb Code     0  startup_stm32f769xx.o(.text)
    TIM2_IRQHandler                          0x080002b3   Thumb Code     0  startup_stm32f769xx.o(.text)
    TIM3_IRQHandler                          0x080002b3   Thumb Code     0  startup_stm32f769xx.o(.text)
    TIM4_IRQHandler                          0x080002b3   Thumb Code     0  startup_stm32f769xx.o(.text)
    TIM5_IRQHandler                          0x080002b3   Thumb Code     0  startup_stm32f769xx.o(.text)
    TIM6_DAC_IRQHandler                      0x080002b3   Thumb Code     0  startup_stm32f769xx.o(.text)
    TIM7_IRQHandler                          0x080002b3   Thumb Code     0  startup_stm32f769xx.o(.text)
    TIM8_BRK_TIM12_IRQHandler                0x080002b3   Thumb Code     0  startup_stm32f769xx.o(.text)
    TIM8_CC_IRQHandler                       0x080002b3   Thumb Code     0  startup_stm32f769xx.o(.text)
    TIM8_TRG_COM_TIM14_IRQHandler            0x080002b3   Thumb Code     0  startup_stm32f769xx.o(.text)
    TIM8_UP_TIM13_IRQHandler                 0x080002b3   Thumb Code     0  startup_stm32f769xx.o(.text)
    UART4_IRQHandler                         0x080002b3   Thumb Code     0  startup_stm32f769xx.o(.text)
    UART5_IRQHandler                         0x080002b3   Thumb Code     0  startup_stm32f769xx.o(.text)
    UART7_IRQHandler                         0x080002b3   Thumb Code     0  startup_stm32f769xx.o(.text)
    UART8_IRQHandler                         0x080002b3   Thumb Code     0  startup_stm32f769xx.o(.text)
    USART1_IRQHandler                        0x080002b3   Thumb Code     0  startup_stm32f769xx.o(.text)
    USART2_IRQHandler                        0x080002b3   Thumb Code     0  startup_stm32f769xx.o(.text)
    USART3_IRQHandler                        0x080002b3   Thumb Code     0  startup_stm32f769xx.o(.text)
    USART6_IRQHandler                        0x080002b3   Thumb Code     0  startup_stm32f769xx.o(.text)
    WWDG_IRQHandler                          0x080002b3   Thumb Code     0  startup_stm32f769xx.o(.text)
    __user_initial_stackheap                 0x080002b5   Thumb Code     0  startup_stm32f769xx.o(.text)
    __aeabi_uldivmod                         0x080002d9   Thumb Code     0  lludivv7m.o(.text)
    _ll_udiv                                 0x080002d9   Thumb Code   238  lludivv7m.o(.text)
    __aeabi_memclr                           0x080003c7   Thumb Code     0  rt_memclr.o(.text)
    __rt_memclr                              0x080003c7   Thumb Code    68  rt_memclr.o(.text)
    _memset                                  0x080003cb   Thumb Code     0  rt_memclr.o(.text)
    __aeabi_memclr4                          0x0800040b   Thumb Code     0  rt_memclr_w.o(.text)
    __aeabi_memclr8                          0x0800040b   Thumb Code     0  rt_memclr_w.o(.text)
    __rt_memclr_w                            0x0800040b   Thumb Code    78  rt_memclr_w.o(.text)
    _memset_w                                0x0800040f   Thumb Code     0  rt_memclr_w.o(.text)
    __use_two_region_memory                  0x08000459   Thumb Code     2  heapauxi.o(.text)
    __rt_heap_escrow$2region                 0x0800045b   Thumb Code     2  heapauxi.o(.text)
    __rt_heap_expand$2region                 0x0800045d   Thumb Code     2  heapauxi.o(.text)
    __user_setup_stackheap                   0x0800045f   Thumb Code    74  sys_stackheap_outer.o(.text)
    exit                                     0x080004a9   Thumb Code    18  exit.o(.text)
    __user_libspace                          0x080004bd   Thumb Code     8  libspace.o(.text)
    __user_perproc_libspace                  0x080004bd   Thumb Code     0  libspace.o(.text)
    __user_perthread_libspace                0x080004bd   Thumb Code     0  libspace.o(.text)
    _sys_exit                                0x080004c5   Thumb Code     8  sys_exit.o(.text)
    __I$use$semihosting                      0x080004d1   Thumb Code     0  use_no_semi.o(.text)
    __use_no_semihosting_swi                 0x080004d1   Thumb Code     2  use_no_semi.o(.text)
    __semihosting_library_function           0x080004d3   Thumb Code     0  indicate_semi.o(.text)
    BSP_LED_Init                             0x080004d5   Thumb Code    58  stm32f769i_discovery.o(i.BSP_LED_Init)
    BSP_LED_Off                              0x08000519   Thumb Code    22  stm32f769i_discovery.o(i.BSP_LED_Off)
    BSP_LED_On                               0x08000535   Thumb Code    22  stm32f769i_discovery.o(i.BSP_LED_On)
    BSP_PB_GetState                          0x08000551   Thumb Code    16  stm32f769i_discovery.o(i.BSP_PB_GetState)
    BSP_PB_Init                              0x08000569   Thumb Code   122  stm32f769i_discovery.o(i.BSP_PB_Init)
    BusFault_Handler                         0x080005f5   Thumb Code     2  stm32f7xx_it.o(i.BusFault_Handler)
    DebugMon_Handler                         0x080005f7   Thumb Code     2  stm32f7xx_it.o(i.DebugMon_Handler)
    Error_Handler                            0x080005f9   Thumb Code     4  main.o(i.Error_Handler)
    FLASH_Erase_Sector                       0x080005fd   Thumb Code    86  stm32f7xx_hal_flash_ex.o(i.FLASH_Erase_Sector)
    FLASH_WaitForLastOperation               0x080007ad   Thumb Code    76  stm32f7xx_hal_flash.o(i.FLASH_WaitForLastOperation)
    HAL_CRCEx_Polynomial_Set                 0x08000801   Thumb Code    78  stm32f7xx_hal_crc_ex.o(i.HAL_CRCEx_Polynomial_Set)
    HAL_CRC_Init                             0x08000851   Thumb Code   114  stm32f7xx_hal_crc.o(i.HAL_CRC_Init)
    HAL_CRC_MspInit                          0x080008c9   Thumb Code    30  crc.o(i.HAL_CRC_MspInit)
    HAL_Delay                                0x080008f1   Thumb Code    32  stm32f7xx_hal.o(i.HAL_Delay)
    HAL_FLASHEx_Erase                        0x08000915   Thumb Code   134  stm32f7xx_hal_flash_ex.o(i.HAL_FLASHEx_Erase)
    HAL_FLASHEx_OBGetConfig                  0x080009a5   Thumb Code    72  stm32f7xx_hal_flash_ex.o(i.HAL_FLASHEx_OBGetConfig)
    HAL_FLASH_Lock                           0x080009f9   Thumb Code    14  stm32f7xx_hal_flash.o(i.HAL_FLASH_Lock)
    HAL_FLASH_OB_Lock                        0x08000a0d   Thumb Code    14  stm32f7xx_hal_flash.o(i.HAL_FLASH_OB_Lock)
    HAL_FLASH_OB_Unlock                      0x08000a21   Thumb Code    28  stm32f7xx_hal_flash.o(i.HAL_FLASH_OB_Unlock)
    HAL_FLASH_Program                        0x08000a49   Thumb Code   122  stm32f7xx_hal_flash.o(i.HAL_FLASH_Program)
    HAL_FLASH_Unlock                         0x08000acd   Thumb Code    34  stm32f7xx_hal_flash.o(i.HAL_FLASH_Unlock)
    HAL_GPIO_Init                            0x08000afd   Thumb Code   420  stm32f7xx_hal_gpio.o(i.HAL_GPIO_Init)
    HAL_GPIO_ReadPin                         0x08000cd5   Thumb Code    10  stm32f7xx_hal_gpio.o(i.HAL_GPIO_ReadPin)
    HAL_GPIO_WritePin                        0x08000cdf   Thumb Code    10  stm32f7xx_hal_gpio.o(i.HAL_GPIO_WritePin)
    HAL_GetTick                              0x08000ce9   Thumb Code     6  stm32f7xx_hal.o(i.HAL_GetTick)
    HAL_IncTick                              0x08000cf5   Thumb Code    12  stm32f7xx_hal.o(i.HAL_IncTick)
    HAL_Init                                 0x08000d05   Thumb Code    22  stm32f7xx_hal.o(i.HAL_Init)
    HAL_InitTick                             0x08000d1d   Thumb Code    54  stm32f7xx_hal.o(i.HAL_InitTick)
    HAL_MspInit                              0x08000d5d   Thumb Code    42  stm32f7xx_hal_msp.o(i.HAL_MspInit)
    HAL_NVIC_EnableIRQ                       0x08000d8d   Thumb Code    26  stm32f7xx_hal_cortex.o(i.HAL_NVIC_EnableIRQ)
    HAL_NVIC_SetPriority                     0x08000da9   Thumb Code    60  stm32f7xx_hal_cortex.o(i.HAL_NVIC_SetPriority)
    HAL_NVIC_SetPriorityGrouping             0x08000de9   Thumb Code    28  stm32f7xx_hal_cortex.o(i.HAL_NVIC_SetPriorityGrouping)
    HAL_PWREx_EnableOverDrive                0x08000e0d   Thumb Code   100  stm32f7xx_hal_pwr_ex.o(i.HAL_PWREx_EnableOverDrive)
    HAL_RCCEx_PeriphCLKConfig                0x08000e79   Thumb Code  1336  stm32f7xx_hal_rcc_ex.o(i.HAL_RCCEx_PeriphCLKConfig)
    HAL_RCC_ClockConfig                      0x080013b5   Thumb Code   284  stm32f7xx_hal_rcc.o(i.HAL_RCC_ClockConfig)
    HAL_RCC_GetPCLK1Freq                     0x080014e5   Thumb Code    20  stm32f7xx_hal_rcc.o(i.HAL_RCC_GetPCLK1Freq)
    HAL_RCC_GetPCLK2Freq                     0x08001505   Thumb Code    20  stm32f7xx_hal_rcc.o(i.HAL_RCC_GetPCLK2Freq)
    HAL_RCC_GetSysClockFreq                  0x08001525   Thumb Code    88  stm32f7xx_hal_rcc.o(i.HAL_RCC_GetSysClockFreq)
    HAL_RCC_OscConfig                        0x08001589   Thumb Code   906  stm32f7xx_hal_rcc.o(i.HAL_RCC_OscConfig)
    HAL_SYSTICK_Config                       0x08001921   Thumb Code    38  stm32f7xx_hal_cortex.o(i.HAL_SYSTICK_Config)
    HAL_UART_Init                            0x08001947   Thumb Code   102  stm32f7xx_hal_uart.o(i.HAL_UART_Init)
    HAL_UART_MspInit                         0x080019ad   Thumb Code    88  usart.o(i.HAL_UART_MspInit)
    HAL_UART_Receive                         0x08001a11   Thumb Code   248  stm32f7xx_hal_uart.o(i.HAL_UART_Receive)
    HAL_UART_Transmit                        0x08001b09   Thumb Code   184  stm32f7xx_hal_uart.o(i.HAL_UART_Transmit)
    HardFault_Handler                        0x08001bc1   Thumb Code     2  stm32f7xx_it.o(i.HardFault_Handler)
    MX_CRC_Init                              0x08001bc5   Thumb Code    28  crc.o(i.MX_CRC_Init)
    MX_GPIO_Init                             0x08001be9   Thumb Code    38  gpio.o(i.MX_GPIO_Init)
    MX_USART1_UART_Init                      0x08001c15   Thumb Code    52  usart.o(i.MX_USART1_UART_Init)
    MemManage_Handler                        0x08001c51   Thumb Code     2  stm32f7xx_it.o(i.MemManage_Handler)
    NMI_Handler                              0x08001c53   Thumb Code     2  stm32f7xx_it.o(i.NMI_Handler)
    PendSV_Handler                           0x08001c55   Thumb Code     2  stm32f7xx_it.o(i.PendSV_Handler)
    SVC_Handler                              0x08001c57   Thumb Code     2  stm32f7xx_it.o(i.SVC_Handler)
    SysTick_Handler                          0x08001c59   Thumb Code     4  stm32f7xx_it.o(i.SysTick_Handler)
    SystemClock_Config                       0x08001c5d   Thumb Code   178  main.o(i.SystemClock_Config)
    SystemInit                               0x08001d19   Thumb Code    12  system_stm32f7xx.o(i.SystemInit)
    UART_AdvFeatureConfig                    0x08001d29   Thumb Code   200  stm32f7xx_hal_uart.o(i.UART_AdvFeatureConfig)
    UART_CheckIdleState                      0x08001df1   Thumb Code    92  stm32f7xx_hal_uart.o(i.UART_CheckIdleState)
    UART_SetConfig                           0x08001e4d   Thumb Code   518  stm32f7xx_hal_uart.o(i.UART_SetConfig)
    UART_WaitOnFlagUntilTimeout              0x08002081   Thumb Code   164  stm32f7xx_hal_uart.o(i.UART_WaitOnFlagUntilTimeout)
    UsageFault_Handler                       0x08002125   Thumb Code     2  stm32f7xx_it.o(i.UsageFault_Handler)
    bootloader_handle_dis_rw_protect         0x08002149   Thumb Code    48  main.o(i.bootloader_handle_dis_rw_protect)
    bootloader_handle_en_rw_protect          0x08002179   Thumb Code    48  main.o(i.bootloader_handle_en_rw_protect)
    bootloader_handle_flash_erase_cmd        0x080021a9   Thumb Code    58  main.o(i.bootloader_handle_flash_erase_cmd)
    bootloader_handle_getcid_cmd             0x080021e3   Thumb Code    42  main.o(i.bootloader_handle_getcid_cmd)
    bootloader_handle_getrdp_cmd             0x0800220d   Thumb Code    42  main.o(i.bootloader_handle_getrdp_cmd)
    bootloader_handle_getver_cmd             0x08002237   Thumb Code    34  main.o(i.bootloader_handle_getver_cmd)
    bootloader_handle_go_cmd                 0x08002259   Thumb Code    66  main.o(i.bootloader_handle_go_cmd)
    bootloader_handle_mem_write_cmd          0x0800229b   Thumb Code    82  main.o(i.bootloader_handle_mem_write_cmd)
    bootloader_handle_read_sector_protection_status 0x080022ed   Thumb Code    36  main.o(i.bootloader_handle_read_sector_protection_status)
    bootloader_jump_to_user_app              0x08002311   Thumb Code    12  main.o(i.bootloader_jump_to_user_app)
    bootloader_send_ack                      0x08002321   Thumb Code    28  main.o(i.bootloader_send_ack)
    bootloader_uart_read_data                0x08002341   Thumb Code   136  main.o(i.bootloader_uart_read_data)
    bootloader_uart_write_data               0x080023d1   Thumb Code    14  main.o(i.bootloader_uart_write_data)
    configure_flash_sector_rw_protection     0x080023e5   Thumb Code   162  main.o(i.configure_flash_sector_rw_protection)
    execute_flash_erase                      0x08002491   Thumb Code    78  main.o(i.execute_flash_erase)
    execute_mem_write                        0x080024df   Thumb Code    52  main.o(i.execute_mem_write)
    get_flash_rdp_level                      0x08002515   Thumb Code    10  main.o(i.get_flash_rdp_level)
    get_mcu_chip_id                          0x08002525   Thumb Code    10  main.o(i.get_mcu_chip_id)
    main                                     0x08002535   Thumb Code    62  main.o(i.main)
    read_OB_rw_protection_status             0x08002573   Thumb Code    26  main.o(i.read_OB_rw_protection_status)
    verify_address                           0x0800258d   Thumb Code    48  main.o(i.verify_address)
    _fp_init                                 0x080025c9   Thumb Code    10  fpinit.o(x$fpl$fpinit)
    __fplib_config_fpu_vfp                   0x080025d1   Thumb Code     0  fpinit.o(x$fpl$fpinit)
    __fplib_config_pureend_doubles           0x080025d1   Thumb Code     0  fpinit.o(x$fpl$fpinit)
    AHBPrescTable                            0x080025d2   Data          16  system_stm32f7xx.o(.constdata)
    APBPrescTable                            0x080025e2   Data           8  system_stm32f7xx.o(.constdata)
    BUTTON_PIN                               0x080025ea   Data           2  stm32f769i_discovery.o(.constdata)
    BUTTON_IRQn                              0x080025ec   Data           2  stm32f769i_discovery.o(.constdata)
    Region$$Table$$Base                      0x080025f0   Number         0  anon$$obj.o(Region$$Table)
    Region$$Table$$Limit                     0x08002610   Number         0  anon$$obj.o(Region$$Table)
    uwTickFreq                               0x20000000   Data           1  stm32f7xx_hal.o(.data)
    uwTickPrio                               0x20000004   Data           4  stm32f7xx_hal.o(.data)
    uwTick                                   0x20000008   Data           4  stm32f7xx_hal.o(.data)
    SystemCoreClock                          0x2000000c   Data           4  system_stm32f7xx.o(.data)
    BUTTON_PORT                              0x20000010   Data           4  stm32f769i_discovery.o(.data)
    GPIO_PIN                                 0x20000014   Data           8  stm32f769i_discovery.o(.data)
    GPIO_PORT                                0x2000001c   Data           8  stm32f769i_discovery.o(.data)
    bl_rx_buffer                             0x20000024   Data         200  main.o(.bss)
    hcrc                                     0x200000ec   Data          36  crc.o(.bss)
    huart1                                   0x20000110   Data         132  usart.o(.bss)
    pFlash                                   0x20000194   Data          28  stm32f7xx_hal_flash.o(.bss)
    __libspace_start                         0x200001b0   Data          96  libspace.o(.bss)
    __temporary_stack_top$libspace           0x20000210   Data           0  libspace.o(.bss)



==============================================================================

Memory Map of the image

  Image Entry point : 0x080001f9

  Load Region LR_IROM1 (Base: 0x08000000, Size: 0x00002634, Max: 0x00200000, ABSOLUTE)

    Execution Region ER_IROM1 (Exec base: 0x08000000, Load base: 0x08000000, Size: 0x00002610, Max: 0x00200000, ABSOLUTE)

    Exec Addr    Load Addr    Size         Type   Attr      Idx    E Section Name        Object

    0x08000000   0x08000000   0x000001f8   Data   RO            3    RESET               startup_stm32f769xx.o
    0x080001f8   0x080001f8   0x00000008   Code   RO         3107  * !!!main             c_w.l(__main.o)
    0x08000200   0x08000200   0x00000034   Code   RO         3276    !!!scatter          c_w.l(__scatter.o)
    0x08000234   0x08000234   0x0000001a   Code   RO         3278    !!handler_copy      c_w.l(__scatter_copy.o)
    0x0800024e   0x0800024e   0x00000002   PAD
    0x08000250   0x08000250   0x0000001c   Code   RO         3280    !!handler_zi        c_w.l(__scatter_zi.o)
    0x0800026c   0x0800026c   0x00000002   Code   RO         3144    .ARM.Collect$$libinit$$00000000  c_w.l(libinit.o)
    0x0800026e   0x0800026e   0x00000004   Code   RO         3156    .ARM.Collect$$libinit$$00000001  c_w.l(libinit2.o)
    0x08000272   0x08000272   0x00000000   Code   RO         3159    .ARM.Collect$$libinit$$00000004  c_w.l(libinit2.o)
    0x08000272   0x08000272   0x00000000   Code   RO         3162    .ARM.Collect$$libinit$$0000000A  c_w.l(libinit2.o)
    0x08000272   0x08000272   0x00000000   Code   RO         3164    .ARM.Collect$$libinit$$0000000C  c_w.l(libinit2.o)
    0x08000272   0x08000272   0x00000000   Code   RO         3166    .ARM.Collect$$libinit$$0000000E  c_w.l(libinit2.o)
    0x08000272   0x08000272   0x00000000   Code   RO         3169    .ARM.Collect$$libinit$$00000011  c_w.l(libinit2.o)
    0x08000272   0x08000272   0x00000000   Code   RO         3171    .ARM.Collect$$libinit$$00000013  c_w.l(libinit2.o)
    0x08000272   0x08000272   0x00000000   Code   RO         3173    .ARM.Collect$$libinit$$00000015  c_w.l(libinit2.o)
    0x08000272   0x08000272   0x00000000   Code   RO         3175    .ARM.Collect$$libinit$$00000017  c_w.l(libinit2.o)
    0x08000272   0x08000272   0x00000000   Code   RO         3177    .ARM.Collect$$libinit$$00000019  c_w.l(libinit2.o)
    0x08000272   0x08000272   0x00000000   Code   RO         3179    .ARM.Collect$$libinit$$0000001B  c_w.l(libinit2.o)
    0x08000272   0x08000272   0x00000000   Code   RO         3181    .ARM.Collect$$libinit$$0000001D  c_w.l(libinit2.o)
    0x08000272   0x08000272   0x00000000   Code   RO         3183    .ARM.Collect$$libinit$$0000001F  c_w.l(libinit2.o)
    0x08000272   0x08000272   0x00000000   Code   RO         3185    .ARM.Collect$$libinit$$00000021  c_w.l(libinit2.o)
    0x08000272   0x08000272   0x00000000   Code   RO         3187    .ARM.Collect$$libinit$$00000023  c_w.l(libinit2.o)
    0x08000272   0x08000272   0x00000000   Code   RO         3189    .ARM.Collect$$libinit$$00000025  c_w.l(libinit2.o)
    0x08000272   0x08000272   0x00000000   Code   RO         3193    .ARM.Collect$$libinit$$0000002C  c_w.l(libinit2.o)
    0x08000272   0x08000272   0x00000000   Code   RO         3195    .ARM.Collect$$libinit$$0000002E  c_w.l(libinit2.o)
    0x08000272   0x08000272   0x00000000   Code   RO         3197    .ARM.Collect$$libinit$$00000030  c_w.l(libinit2.o)
    0x08000272   0x08000272   0x00000000   Code   RO         3199    .ARM.Collect$$libinit$$00000032  c_w.l(libinit2.o)
    0x08000272   0x08000272   0x00000002   Code   RO         3200    .ARM.Collect$$libinit$$00000033  c_w.l(libinit2.o)
    0x08000274   0x08000274   0x00000002   Code   RO         3231    .ARM.Collect$$libshutdown$$00000000  c_w.l(libshutdown.o)
    0x08000276   0x08000276   0x00000000   Code   RO         3257    .ARM.Collect$$libshutdown$$00000002  c_w.l(libshutdown2.o)
    0x08000276   0x08000276   0x00000000   Code   RO         3259    .ARM.Collect$$libshutdown$$00000004  c_w.l(libshutdown2.o)
    0x08000276   0x08000276   0x00000000   Code   RO         3261    .ARM.Collect$$libshutdown$$00000006  c_w.l(libshutdown2.o)
    0x08000276   0x08000276   0x00000000   Code   RO         3264    .ARM.Collect$$libshutdown$$00000009  c_w.l(libshutdown2.o)
    0x08000276   0x08000276   0x00000000   Code   RO         3267    .ARM.Collect$$libshutdown$$0000000C  c_w.l(libshutdown2.o)
    0x08000276   0x08000276   0x00000000   Code   RO         3269    .ARM.Collect$$libshutdown$$0000000E  c_w.l(libshutdown2.o)
    0x08000276   0x08000276   0x00000000   Code   RO         3272    .ARM.Collect$$libshutdown$$00000011  c_w.l(libshutdown2.o)
    0x08000276   0x08000276   0x00000002   Code   RO         3273    .ARM.Collect$$libshutdown$$00000012  c_w.l(libshutdown2.o)
    0x08000278   0x08000278   0x00000000   Code   RO         3109    .ARM.Collect$$rtentry$$00000000  c_w.l(__rtentry.o)
    0x08000278   0x08000278   0x00000000   Code   RO         3115    .ARM.Collect$$rtentry$$00000002  c_w.l(__rtentry2.o)
    0x08000278   0x08000278   0x00000006   Code   RO         3127    .ARM.Collect$$rtentry$$00000004  c_w.l(__rtentry4.o)
    0x0800027e   0x0800027e   0x00000000   Code   RO         3117    .ARM.Collect$$rtentry$$00000009  c_w.l(__rtentry2.o)
    0x0800027e   0x0800027e   0x00000004   Code   RO         3118    .ARM.Collect$$rtentry$$0000000A  c_w.l(__rtentry2.o)
    0x08000282   0x08000282   0x00000000   Code   RO         3120    .ARM.Collect$$rtentry$$0000000C  c_w.l(__rtentry2.o)
    0x08000282   0x08000282   0x00000008   Code   RO         3121    .ARM.Collect$$rtentry$$0000000D  c_w.l(__rtentry2.o)
    0x0800028a   0x0800028a   0x00000002   Code   RO         3148    .ARM.Collect$$rtexit$$00000000  c_w.l(rtexit.o)
    0x0800028c   0x0800028c   0x00000000   Code   RO         3204    .ARM.Collect$$rtexit$$00000002  c_w.l(rtexit2.o)
    0x0800028c   0x0800028c   0x00000004   Code   RO         3205    .ARM.Collect$$rtexit$$00000003  c_w.l(rtexit2.o)
    0x08000290   0x08000290   0x00000006   Code   RO         3206    .ARM.Collect$$rtexit$$00000004  c_w.l(rtexit2.o)
    0x08000296   0x08000296   0x00000002   PAD
    0x08000298   0x08000298   0x00000040   Code   RO            4    .text               startup_stm32f769xx.o
    0x080002d8   0x080002d8   0x000000ee   Code   RO         3099    .text               c_w.l(lludivv7m.o)
    0x080003c6   0x080003c6   0x00000044   Code   RO         3101    .text               c_w.l(rt_memclr.o)
    0x0800040a   0x0800040a   0x0000004e   Code   RO         3103    .text               c_w.l(rt_memclr_w.o)
    0x08000458   0x08000458   0x00000006   Code   RO         3105    .text               c_w.l(heapauxi.o)
    0x0800045e   0x0800045e   0x0000004a   Code   RO         3131    .text               c_w.l(sys_stackheap_outer.o)
    0x080004a8   0x080004a8   0x00000012   Code   RO         3133    .text               c_w.l(exit.o)
    0x080004ba   0x080004ba   0x00000002   PAD
    0x080004bc   0x080004bc   0x00000008   Code   RO         3145    .text               c_w.l(libspace.o)
    0x080004c4   0x080004c4   0x0000000c   Code   RO         3201    .text               c_w.l(sys_exit.o)
    0x080004d0   0x080004d0   0x00000002   Code   RO         3220    .text               c_w.l(use_no_semi.o)
    0x080004d2   0x080004d2   0x00000000   Code   RO         3222    .text               c_w.l(indicate_semi.o)
    0x080004d2   0x080004d2   0x00000002   PAD
    0x080004d4   0x080004d4   0x00000044   Code   RO         2885    i.BSP_LED_Init      stm32f769i_discovery.o
    0x08000518   0x08000518   0x0000001c   Code   RO         2886    i.BSP_LED_Off       stm32f769i_discovery.o
    0x08000534   0x08000534   0x0000001c   Code   RO         2887    i.BSP_LED_On        stm32f769i_discovery.o
    0x08000550   0x08000550   0x00000018   Code   RO         2890    i.BSP_PB_GetState   stm32f769i_discovery.o
    0x08000568   0x08000568   0x0000008c   Code   RO         2891    i.BSP_PB_Init       stm32f769i_discovery.o
    0x080005f4   0x080005f4   0x00000002   Code   RO          429    i.BusFault_Handler  stm32f7xx_it.o
    0x080005f6   0x080005f6   0x00000002   Code   RO          430    i.DebugMon_Handler  stm32f7xx_it.o
    0x080005f8   0x080005f8   0x00000004   Code   RO           13    i.Error_Handler     main.o
    0x080005fc   0x080005fc   0x0000005c   Code   RO         1049    i.FLASH_Erase_Sector  stm32f7xx_hal_flash_ex.o
    0x08000658   0x08000658   0x00000044   Code   RO         1050    i.FLASH_MassErase   stm32f7xx_hal_flash_ex.o
    0x0800069c   0x0800069c   0x00000014   Code   RO         1052    i.FLASH_OB_GetBootAddress  stm32f7xx_hal_flash_ex.o
    0x080006b0   0x080006b0   0x00000024   Code   RO          931    i.FLASH_Program_Byte  stm32f7xx_hal_flash.o
    0x080006d4   0x080006d4   0x00000030   Code   RO          932    i.FLASH_Program_DoubleWord  stm32f7xx_hal_flash.o
    0x08000704   0x08000704   0x00000028   Code   RO          933    i.FLASH_Program_HalfWord  stm32f7xx_hal_flash.o
    0x0800072c   0x0800072c   0x00000028   Code   RO          934    i.FLASH_Program_Word  stm32f7xx_hal_flash.o
    0x08000754   0x08000754   0x00000058   Code   RO          935    i.FLASH_SetErrorCode  stm32f7xx_hal_flash.o
    0x080007ac   0x080007ac   0x00000054   Code   RO          936    i.FLASH_WaitForLastOperation  stm32f7xx_hal_flash.o
    0x08000800   0x08000800   0x0000004e   Code   RO          735    i.HAL_CRCEx_Polynomial_Set  stm32f7xx_hal_crc_ex.o
    0x0800084e   0x0800084e   0x00000002   PAD
    0x08000850   0x08000850   0x00000078   Code   RO          669    i.HAL_CRC_Init      stm32f7xx_hal_crc.o
    0x080008c8   0x080008c8   0x00000028   Code   RO          346    i.HAL_CRC_MspInit   crc.o
    0x080008f0   0x080008f0   0x00000024   Code   RO         1549    i.HAL_Delay         stm32f7xx_hal.o
    0x08000914   0x08000914   0x00000090   Code   RO         1053    i.HAL_FLASHEx_Erase  stm32f7xx_hal_flash_ex.o
    0x080009a4   0x080009a4   0x00000054   Code   RO         1055    i.HAL_FLASHEx_OBGetConfig  stm32f7xx_hal_flash_ex.o
    0x080009f8   0x080009f8   0x00000014   Code   RO          940    i.HAL_FLASH_Lock    stm32f7xx_hal_flash.o
    0x08000a0c   0x08000a0c   0x00000014   Code   RO          942    i.HAL_FLASH_OB_Lock  stm32f7xx_hal_flash.o
    0x08000a20   0x08000a20   0x00000028   Code   RO          943    i.HAL_FLASH_OB_Unlock  stm32f7xx_hal_flash.o
    0x08000a48   0x08000a48   0x00000084   Code   RO          945    i.HAL_FLASH_Program  stm32f7xx_hal_flash.o
    0x08000acc   0x08000acc   0x00000030   Code   RO          947    i.HAL_FLASH_Unlock  stm32f7xx_hal_flash.o
    0x08000afc   0x08000afc   0x000001d8   Code   RO         1116    i.HAL_GPIO_Init     stm32f7xx_hal_gpio.o
    0x08000cd4   0x08000cd4   0x0000000a   Code   RO         1118    i.HAL_GPIO_ReadPin  stm32f7xx_hal_gpio.o
    0x08000cde   0x08000cde   0x0000000a   Code   RO         1120    i.HAL_GPIO_WritePin  stm32f7xx_hal_gpio.o
    0x08000ce8   0x08000ce8   0x0000000c   Code   RO         1559    i.HAL_GetTick       stm32f7xx_hal.o
    0x08000cf4   0x08000cf4   0x00000010   Code   RO         1565    i.HAL_IncTick       stm32f7xx_hal.o
    0x08000d04   0x08000d04   0x00000016   Code   RO         1566    i.HAL_Init          stm32f7xx_hal.o
    0x08000d1a   0x08000d1a   0x00000002   PAD
    0x08000d1c   0x08000d1c   0x00000040   Code   RO         1567    i.HAL_InitTick      stm32f7xx_hal.o
    0x08000d5c   0x08000d5c   0x00000030   Code   RO          504    i.HAL_MspInit       stm32f7xx_hal_msp.o
    0x08000d8c   0x08000d8c   0x0000001a   Code   RO          533    i.HAL_NVIC_EnableIRQ  stm32f7xx_hal_cortex.o
    0x08000da6   0x08000da6   0x00000002   PAD
    0x08000da8   0x08000da8   0x00000040   Code   RO          539    i.HAL_NVIC_SetPriority  stm32f7xx_hal_cortex.o
    0x08000de8   0x08000de8   0x00000024   Code   RO          540    i.HAL_NVIC_SetPriorityGrouping  stm32f7xx_hal_cortex.o
    0x08000e0c   0x08000e0c   0x0000006c   Code   RO         1456    i.HAL_PWREx_EnableOverDrive  stm32f7xx_hal_pwr_ex.o
    0x08000e78   0x08000e78   0x0000053c   Code   RO          877    i.HAL_RCCEx_PeriphCLKConfig  stm32f7xx_hal_rcc_ex.o
    0x080013b4   0x080013b4   0x00000130   Code   RO          770    i.HAL_RCC_ClockConfig  stm32f7xx_hal_rcc.o
    0x080014e4   0x080014e4   0x00000020   Code   RO          777    i.HAL_RCC_GetPCLK1Freq  stm32f7xx_hal_rcc.o
    0x08001504   0x08001504   0x00000020   Code   RO          778    i.HAL_RCC_GetPCLK2Freq  stm32f7xx_hal_rcc.o
    0x08001524   0x08001524   0x00000064   Code   RO          779    i.HAL_RCC_GetSysClockFreq  stm32f7xx_hal_rcc.o
    0x08001588   0x08001588   0x00000398   Code   RO          782    i.HAL_RCC_OscConfig  stm32f7xx_hal_rcc.o
    0x08001920   0x08001920   0x00000026   Code   RO          544    i.HAL_SYSTICK_Config  stm32f7xx_hal_cortex.o
    0x08001946   0x08001946   0x00000066   Code   RO         2394    i.HAL_UART_Init     stm32f7xx_hal_uart.o
    0x080019ac   0x080019ac   0x00000064   Code   RO          388    i.HAL_UART_MspInit  usart.o
    0x08001a10   0x08001a10   0x000000f8   Code   RO         2397    i.HAL_UART_Receive  stm32f7xx_hal_uart.o
    0x08001b08   0x08001b08   0x000000b8   Code   RO         2403    i.HAL_UART_Transmit  stm32f7xx_hal_uart.o
    0x08001bc0   0x08001bc0   0x00000002   Code   RO          431    i.HardFault_Handler  stm32f7xx_it.o
    0x08001bc2   0x08001bc2   0x00000002   PAD
    0x08001bc4   0x08001bc4   0x00000024   Code   RO          347    i.MX_CRC_Init       crc.o
    0x08001be8   0x08001be8   0x0000002c   Code   RO          318    i.MX_GPIO_Init      gpio.o
    0x08001c14   0x08001c14   0x0000003c   Code   RO          389    i.MX_USART1_UART_Init  usart.o
    0x08001c50   0x08001c50   0x00000002   Code   RO          432    i.MemManage_Handler  stm32f7xx_it.o
    0x08001c52   0x08001c52   0x00000002   Code   RO          433    i.NMI_Handler       stm32f7xx_it.o
    0x08001c54   0x08001c54   0x00000002   Code   RO          434    i.PendSV_Handler    stm32f7xx_it.o
    0x08001c56   0x08001c56   0x00000002   Code   RO          435    i.SVC_Handler       stm32f7xx_it.o
    0x08001c58   0x08001c58   0x00000004   Code   RO          436    i.SysTick_Handler   stm32f7xx_it.o
    0x08001c5c   0x08001c5c   0x000000bc   Code   RO           14    i.SystemClock_Config  main.o
    0x08001d18   0x08001d18   0x00000010   Code   RO         2841    i.SystemInit        system_stm32f7xx.o
    0x08001d28   0x08001d28   0x000000c8   Code   RO         2408    i.UART_AdvFeatureConfig  stm32f7xx_hal_uart.o
    0x08001df0   0x08001df0   0x0000005c   Code   RO         2409    i.UART_CheckIdleState  stm32f7xx_hal_uart.o
    0x08001e4c   0x08001e4c   0x00000234   Code   RO         2424    i.UART_SetConfig    stm32f7xx_hal_uart.o
    0x08002080   0x08002080   0x000000a4   Code   RO         2429    i.UART_WaitOnFlagUntilTimeout  stm32f7xx_hal_uart.o
    0x08002124   0x08002124   0x00000002   Code   RO          437    i.UsageFault_Handler  stm32f7xx_it.o
    0x08002126   0x08002126   0x00000022   Code   RO          546    i.__NVIC_SetPriority  stm32f7xx_hal_cortex.o
    0x08002148   0x08002148   0x00000030   Code   RO           15    i.bootloader_handle_dis_rw_protect  main.o
    0x08002178   0x08002178   0x00000030   Code   RO           16    i.bootloader_handle_en_rw_protect  main.o
    0x080021a8   0x080021a8   0x0000003a   Code   RO           17    i.bootloader_handle_flash_erase_cmd  main.o
    0x080021e2   0x080021e2   0x0000002a   Code   RO           18    i.bootloader_handle_getcid_cmd  main.o
    0x0800220c   0x0800220c   0x0000002a   Code   RO           20    i.bootloader_handle_getrdp_cmd  main.o
    0x08002236   0x08002236   0x00000022   Code   RO           21    i.bootloader_handle_getver_cmd  main.o
    0x08002258   0x08002258   0x00000042   Code   RO           22    i.bootloader_handle_go_cmd  main.o
    0x0800229a   0x0800229a   0x00000052   Code   RO           24    i.bootloader_handle_mem_write_cmd  main.o
    0x080022ec   0x080022ec   0x00000024   Code   RO           26    i.bootloader_handle_read_sector_protection_status  main.o
    0x08002310   0x08002310   0x00000010   Code   RO           27    i.bootloader_jump_to_user_app  main.o
    0x08002320   0x08002320   0x00000020   Code   RO           28    i.bootloader_send_ack  main.o
    0x08002340   0x08002340   0x00000090   Code   RO           30    i.bootloader_uart_read_data  main.o
    0x080023d0   0x080023d0   0x00000014   Code   RO           31    i.bootloader_uart_write_data  main.o
    0x080023e4   0x080023e4   0x000000ac   Code   RO           33    i.configure_flash_sector_rw_protection  main.o
    0x08002490   0x08002490   0x0000004e   Code   RO           34    i.execute_flash_erase  main.o
    0x080024de   0x080024de   0x00000034   Code   RO           35    i.execute_mem_write  main.o
    0x08002512   0x08002512   0x00000002   PAD
    0x08002514   0x08002514   0x00000010   Code   RO           37    i.get_flash_rdp_level  main.o
    0x08002524   0x08002524   0x00000010   Code   RO           38    i.get_mcu_chip_id   main.o
    0x08002534   0x08002534   0x0000003e   Code   RO           39    i.main              main.o
    0x08002572   0x08002572   0x0000001a   Code   RO           40    i.read_OB_rw_protection_status  main.o
    0x0800258c   0x0800258c   0x0000003c   Code   RO           41    i.verify_address    main.o
    0x080025c8   0x080025c8   0x0000000a   Code   RO         3216    x$fpl$fpinit        fz_wv.l(fpinit.o)
    0x080025d2   0x080025d2   0x00000010   Data   RO         2842    .constdata          system_stm32f7xx.o
    0x080025e2   0x080025e2   0x00000008   Data   RO         2843    .constdata          system_stm32f7xx.o
    0x080025ea   0x080025ea   0x00000004   Data   RO         2913    .constdata          stm32f769i_discovery.o
    0x080025ee   0x080025ee   0x00000002   PAD
    0x080025f0   0x080025f0   0x00000020   Data   RO         3274    Region$$Table       anon$$obj.o


    Execution Region RW_IRAM1 (Exec base: 0x20000000, Load base: 0x08002610, Size: 0x00000810, Max: 0x00080000, ABSOLUTE)

    Exec Addr    Load Addr    Size         Type   Attr      Idx    E Section Name        Object

    0x20000000   0x08002610   0x0000000c   Data   RW         1573    .data               stm32f7xx_hal.o
    0x2000000c   0x0800261c   0x00000004   Data   RW         2844    .data               system_stm32f7xx.o
    0x20000010   0x08002620   0x00000014   Data   RW         2914    .data               stm32f769i_discovery.o
    0x20000024        -       0x000000c8   Zero   RW           42    .bss                main.o
    0x200000ec        -       0x00000024   Zero   RW          348    .bss                crc.o
    0x20000110        -       0x00000084   Zero   RW          390    .bss                usart.o
    0x20000194        -       0x0000001c   Zero   RW          948    .bss                stm32f7xx_hal_flash.o
    0x200001b0        -       0x00000060   Zero   RW         3146    .bss                c_w.l(libspace.o)
    0x20000210        -       0x00000200   Zero   RW            2    HEAP                startup_stm32f769xx.o
    0x20000410        -       0x00000400   Zero   RW            1    STACK               startup_stm32f769xx.o


==============================================================================

Image component sizes


      Code (inc. data)   RO Data    RW Data    ZI Data      Debug   Object Name

        76         18          0          0         36       1595   crc.o
        44          6          0          0          0        819   gpio.o
      1342         78          0          0        200    1013972   main.o
        64         26        504          0       1536        872   startup_stm32f769xx.o
       288         48          4         20          0       4626   stm32f769i_discovery.o
       150         24          0         12          0       9401   stm32f7xx_hal.o
       198         12          0          0          0      39171   stm32f7xx_hal_cortex.o
       120          6          0          0          0       1219   stm32f7xx_hal_crc.o
        78          0          0          0          0       1331   stm32f7xx_hal_crc_ex.o
       596         88          0          0         28       8164   stm32f7xx_hal_flash.o
       408         38          0          0          0       5264   stm32f7xx_hal_flash_ex.o
       492         52          0          0          0       3331   stm32f7xx_hal_gpio.o
        48          6          0          0          0        878   stm32f7xx_hal_msp.o
       108          8          0          0          0       1324   stm32f7xx_hal_pwr_ex.o
      1388         70          0          0          0       5356   stm32f7xx_hal_rcc.o
      1340         22          0          0          0       2380   stm32f7xx_hal_rcc_ex.o
      1554         66          0          0          0       7804   stm32f7xx_hal_uart.o
        20          0          0          0          0       4334   stm32f7xx_it.o
        16          4         24          4          0       1191   system_stm32f7xx.o
       160         20          0          0        132       1786   usart.o

    ----------------------------------------------------------------------
      8500        592        566         36       1932    1114818   Object Totals
         0          0         32          0          0          0   (incl. Generated)
        10          0          2          0          0          0   (incl. Padding)

    ----------------------------------------------------------------------

      Code (inc. data)   RO Data    RW Data    ZI Data      Debug   Library Member Name

         8          0          0          0          0         68   __main.o
         0          0          0          0          0          0   __rtentry.o
        12          0          0          0          0          0   __rtentry2.o
         6          0          0          0          0          0   __rtentry4.o
        52          8          0          0          0          0   __scatter.o
        26          0          0          0          0          0   __scatter_copy.o
        28          0          0          0          0          0   __scatter_zi.o
        18          0          0          0          0         80   exit.o
         6          0          0          0          0        152   heapauxi.o
         0          0          0          0          0          0   indicate_semi.o
         2          0          0          0          0          0   libinit.o
         6          0          0          0          0          0   libinit2.o
         2          0          0          0          0          0   libshutdown.o
         2          0          0          0          0          0   libshutdown2.o
         8          4          0          0         96         68   libspace.o
       238          0          0          0          0        100   lludivv7m.o
        68          0          0          0          0         68   rt_memclr.o
        78          0          0          0          0         80   rt_memclr_w.o
         2          0          0          0          0          0   rtexit.o
        10          0          0          0          0          0   rtexit2.o
        12          4          0          0          0         68   sys_exit.o
        74          0          0          0          0         80   sys_stackheap_outer.o
         2          0          0          0          0         68   use_no_semi.o
        10          0          0          0          0        116   fpinit.o

    ----------------------------------------------------------------------
       678         16          0          0         96        948   Library Totals
         8          0          0          0          0          0   (incl. Padding)

    ----------------------------------------------------------------------

      Code (inc. data)   RO Data    RW Data    ZI Data      Debug   Library Name

       660         16          0          0         96        832   c_w.l
        10          0          0          0          0        116   fz_wv.l

    ----------------------------------------------------------------------
       678         16          0          0         96        948   Library Totals

    ----------------------------------------------------------------------

==============================================================================


      Code (inc. data)   RO Data    RW Data    ZI Data      Debug   

      9178        608        566         36       2028    1107354   Grand Totals
      9178        608        566         36       2028    1107354   ELF Image Totals
      9178        608        566         36          0          0   ROM Totals

==============================================================================

    Total RO  Size (Code + RO Data)                 9744 (   9.52kB)
    Total RW  Size (RW Data + ZI Data)              2064 (   2.02kB)
    Total ROM Size (Code + RO Data + RW Data)       9780 (   9.55kB)

==============================================================================

